Archive member included to satisfy reference by file (symbol)

c:/program files/atmel/studio/7.0/toolchain/arm/arm-gnu-toolchain/bin/../lib/gcc/arm-none-eabi/6.3.1/thumb/v6-m\libgcc.a(_udivsi3.o)
                              hpl/core/hpl_core_m0plus_base.o (__aeabi_uidiv)
c:/program files/atmel/studio/7.0/toolchain/arm/arm-gnu-toolchain/bin/../lib/gcc/arm-none-eabi/6.3.1/thumb/v6-m\libgcc.a(_dvmd_tls.o)
                              c:/program files/atmel/studio/7.0/toolchain/arm/arm-gnu-toolchain/bin/../lib/gcc/arm-none-eabi/6.3.1/thumb/v6-m\libgcc.a(_udivsi3.o) (__aeabi_idiv0)
c:/program files/atmel/studio/7.0/toolchain/arm/arm-gnu-toolchain/bin/../lib/gcc/arm-none-eabi/6.3.1/thumb/v6-m\libgcc.a(_aeabi_uldivmod.o)
                              hpl/sercom/hpl_sercom.o (__aeabi_uldivmod)
c:/program files/atmel/studio/7.0/toolchain/arm/arm-gnu-toolchain/bin/../lib/gcc/arm-none-eabi/6.3.1/thumb/v6-m\libgcc.a(_muldi3.o)
                              hpl/sercom/hpl_sercom.o (__aeabi_lmul)
c:/program files/atmel/studio/7.0/toolchain/arm/arm-gnu-toolchain/bin/../lib/gcc/arm-none-eabi/6.3.1/thumb/v6-m\libgcc.a(_ffssi2.o)
                              hpl/eic/hpl_eic.o (__ffssi2)
c:/program files/atmel/studio/7.0/toolchain/arm/arm-gnu-toolchain/bin/../lib/gcc/arm-none-eabi/6.3.1/thumb/v6-m\libgcc.a(_fixunsdfsi.o)
                              hpl/sercom/hpl_sercom.o (__aeabi_d2uiz)
c:/program files/atmel/studio/7.0/toolchain/arm/arm-gnu-toolchain/bin/../lib/gcc/arm-none-eabi/6.3.1/thumb/v6-m\libgcc.a(_udivmoddi4.o)
                              c:/program files/atmel/studio/7.0/toolchain/arm/arm-gnu-toolchain/bin/../lib/gcc/arm-none-eabi/6.3.1/thumb/v6-m\libgcc.a(_aeabi_uldivmod.o) (__udivmoddi4)
c:/program files/atmel/studio/7.0/toolchain/arm/arm-gnu-toolchain/bin/../lib/gcc/arm-none-eabi/6.3.1/thumb/v6-m\libgcc.a(divdf3.o)
                              hpl/sercom/hpl_sercom.o (__aeabi_ddiv)
c:/program files/atmel/studio/7.0/toolchain/arm/arm-gnu-toolchain/bin/../lib/gcc/arm-none-eabi/6.3.1/thumb/v6-m\libgcc.a(muldf3.o)
                              hpl/sercom/hpl_sercom.o (__aeabi_dmul)
c:/program files/atmel/studio/7.0/toolchain/arm/arm-gnu-toolchain/bin/../lib/gcc/arm-none-eabi/6.3.1/thumb/v6-m\libgcc.a(subdf3.o)
                              hpl/sercom/hpl_sercom.o (__aeabi_dsub)
c:/program files/atmel/studio/7.0/toolchain/arm/arm-gnu-toolchain/bin/../lib/gcc/arm-none-eabi/6.3.1/thumb/v6-m\libgcc.a(fixdfsi.o)
                              c:/program files/atmel/studio/7.0/toolchain/arm/arm-gnu-toolchain/bin/../lib/gcc/arm-none-eabi/6.3.1/thumb/v6-m\libgcc.a(_fixunsdfsi.o) (__aeabi_d2iz)
c:/program files/atmel/studio/7.0/toolchain/arm/arm-gnu-toolchain/bin/../lib/gcc/arm-none-eabi/6.3.1/thumb/v6-m\libgcc.a(floatsidf.o)
                              hpl/sercom/hpl_sercom.o (__aeabi_i2d)
c:/program files/atmel/studio/7.0/toolchain/arm/arm-gnu-toolchain/bin/../lib/gcc/arm-none-eabi/6.3.1/thumb/v6-m\libgcc.a(floatunsidf.o)
                              hpl/sercom/hpl_sercom.o (__aeabi_ui2d)
c:/program files/atmel/studio/7.0/toolchain/arm/arm-gnu-toolchain/bin/../lib/gcc/arm-none-eabi/6.3.1/thumb/v6-m\libgcc.a(_arm_cmpdf2.o)
                              c:/program files/atmel/studio/7.0/toolchain/arm/arm-gnu-toolchain/bin/../lib/gcc/arm-none-eabi/6.3.1/thumb/v6-m\libgcc.a(_fixunsdfsi.o) (__aeabi_dcmpge)
c:/program files/atmel/studio/7.0/toolchain/arm/arm-gnu-toolchain/bin/../lib/gcc/arm-none-eabi/6.3.1/thumb/v6-m\libgcc.a(_clzsi2.o)
                              c:/program files/atmel/studio/7.0/toolchain/arm/arm-gnu-toolchain/bin/../lib/gcc/arm-none-eabi/6.3.1/thumb/v6-m\libgcc.a(divdf3.o) (__clzsi2)
c:/program files/atmel/studio/7.0/toolchain/arm/arm-gnu-toolchain/bin/../lib/gcc/arm-none-eabi/6.3.1/thumb/v6-m\libgcc.a(_clzdi2.o)
                              c:/program files/atmel/studio/7.0/toolchain/arm/arm-gnu-toolchain/bin/../lib/gcc/arm-none-eabi/6.3.1/thumb/v6-m\libgcc.a(_udivmoddi4.o) (__clzdi2)
c:/program files/atmel/studio/7.0/toolchain/arm/arm-gnu-toolchain/bin/../lib/gcc/arm-none-eabi/6.3.1/thumb/v6-m\libgcc.a(_ctzsi2.o)
                              c:/program files/atmel/studio/7.0/toolchain/arm/arm-gnu-toolchain/bin/../lib/gcc/arm-none-eabi/6.3.1/thumb/v6-m\libgcc.a(_ffssi2.o) (__ctzsi2)
c:/program files/atmel/studio/7.0/toolchain/arm/arm-gnu-toolchain/bin/../lib/gcc/arm-none-eabi/6.3.1/thumb/v6-m\libgcc.a(eqdf2.o)
                              c:/program files/atmel/studio/7.0/toolchain/arm/arm-gnu-toolchain/bin/../lib/gcc/arm-none-eabi/6.3.1/thumb/v6-m\libgcc.a(_arm_cmpdf2.o) (__eqdf2)
c:/program files/atmel/studio/7.0/toolchain/arm/arm-gnu-toolchain/bin/../lib/gcc/arm-none-eabi/6.3.1/thumb/v6-m\libgcc.a(gedf2.o)
                              c:/program files/atmel/studio/7.0/toolchain/arm/arm-gnu-toolchain/bin/../lib/gcc/arm-none-eabi/6.3.1/thumb/v6-m\libgcc.a(_arm_cmpdf2.o) (__gedf2)
[...]
Memory Configuration

Name             Origin             Length             Attributes
rom              0x00000000         0x00004000         xr
ram              0x20000000         0x00001000         xrw
*default*        0x00000000         0xffffffff

Linker script and memory map

LOAD c:/program files/atmel/studio/7.0/toolchain/arm/arm-gnu-toolchain/bin/../lib/gcc/arm-none-eabi/6.3.1/thumb/v6-m/crti.o
LOAD c:/program files/atmel/studio/7.0/toolchain/arm/arm-gnu-toolchain/bin/../lib/gcc/arm-none-eabi/6.3.1/thumb/v6-m/crtbegin.o
LOAD c:/program files/atmel/studio/7.0/toolchain/arm/arm-gnu-toolchain/bin/../lib/gcc/arm-none-eabi/6.3.1/../../../../arm-none-eabi/lib/thumb/v6-m/crt0.o
LOAD app/cards/iso14443A.o
LOAD app/cards/iso14443B.o
LOAD app/cards/iso15693.o
LOAD app/cards/iso18092.o
LOAD app/CR95HF.o
LOAD app/serial.o
LOAD app/spi.o
LOAD app/timer.o
LOAD atmel_start.o
LOAD Device_Startup/startup_samd11.o
LOAD Device_Startup/system_samd11.o
LOAD driver_init.o
LOAD examples/driver_examples.o
LOAD hal/src/hal_atomic.o
LOAD hal/src/hal_delay.o
LOAD hal/src/hal_ext_irq.o
LOAD hal/src/hal_gpio.o
LOAD hal/src/hal_init.o
LOAD hal/src/hal_io.o
LOAD hal/src/hal_sleep.o
LOAD hal/src/hal_spi_m_sync.o
LOAD hal/src/hal_timer.o
LOAD hal/src/hal_usb_device.o
LOAD hal/utils/src/utils_assert.o
LOAD hal/utils/src/utils_event.o
LOAD hal/utils/src/utils_list.o
LOAD hal/utils/src/utils_syscalls.o
LOAD hpl/core/hpl_core_m0plus_base.o
LOAD hpl/core/hpl_init.o
LOAD hpl/dmac/hpl_dmac.o
LOAD hpl/eic/hpl_eic.o
LOAD hpl/gclk/hpl_gclk.o
LOAD hpl/pm/hpl_pm.o
LOAD hpl/sercom/hpl_sercom.o
LOAD hpl/sysctrl/hpl_sysctrl.o
LOAD hpl/systick/hpl_systick.o
LOAD hpl/tc/hpl_tc.o
LOAD hpl/usb/hpl_usb.o
LOAD main.o
LOAD usb/class/cdc/device/cdcdf_acm.o
LOAD usb/device/usbdc.o
LOAD usb/usb_protocol.o
LOAD usb_start.o
START GROUP
LOAD c:/program files/atmel/studio/7.0/toolchain/arm/arm-gnu-toolchain/bin/../lib/gcc/arm-none-eabi/6.3.1/../../../../arm-none-eabi/lib/thumb/v6-m\libm.a
END GROUP
START GROUP
LOAD c:/program files/atmel/studio/7.0/toolchain/arm/arm-gnu-toolchain/bin/../lib/gcc/arm-none-eabi/6.3.1/thumb/v6-m\libgcc.a
LOAD c:/program files/atmel/studio/7.0/toolchain/arm/arm-gnu-toolchain/bin/../lib/gcc/arm-none-eabi/6.3.1/../../../../arm-none-eabi/lib/thumb/v6-m\libc_nano.a
END GROUP
START GROUP
LOAD c:/program files/atmel/studio/7.0/toolchain/arm/arm-gnu-toolchain/bin/../lib/gcc/arm-none-eabi/6.3.1/thumb/v6-m\libgcc.a
LOAD c:/program files/atmel/studio/7.0/toolchain/arm/arm-gnu-toolchain/bin/../lib/gcc/arm-none-eabi/6.3.1/../../../../arm-none-eabi/lib/thumb/v6-m\libc_nano.a
END GROUP
LOAD c:/program files/atmel/studio/7.0/toolchain/arm/arm-gnu-toolchain/bin/../lib/gcc/arm-none-eabi/6.3.1/thumb/v6-m/crtend.o
LOAD c:/program files/atmel/studio/7.0/toolchain/arm/arm-gnu-toolchain/bin/../lib/gcc/arm-none-eabi/6.3.1/thumb/v6-m/crtn.o
                0x00000400                STACK_SIZE = DEFINED (STACK_SIZE)?STACK_SIZE:DEFINED (__stack_size__)?__stack_size__:0x400

.text           0x00000000     0x3db4
                0x00000000                . = ALIGN (0x4)
                0x00000000                _sfixed = .
 *(.vectors .vectors.*)
 .vectors       0x00000000       0x8c Device_Startup/startup_samd11.o
                0x00000000                exception_table
 *(.text .text.* .gnu.linkonce.t.*)
 .text          0x0000008c       0x60 c:/program files/atmel/studio/7.0/toolchain/arm/arm-gnu-toolchain/bin/../lib/gcc/arm-none-eabi/6.3.1/thumb/v6-m/crtbegin.o
 .text.CR95HF_extint
                0x000000ec        0x2 app/CR95HF.o
 *fill*         0x000000ee        0x2 
 .text.CR95HF_irqPulse
                0x000000f0       0x24 app/CR95HF.o
 .text.CR95HF_resetSPI
                0x00000114       0x38 app/CR95HF.o
 .text.CR95HF_sendReceive
                0x0000014c      0x13c app/CR95HF.o
                0x0000014c                CR95HF_sendReceive
 .text.CR95HF_id
                0x00000288       0x30 app/CR95HF.o
                0x00000288                CR95HF_id
 .text.CR95HF_init
                0x000002b8       0x78 app/CR95HF.o
                0x000002b8                CR95HF_init
 .text.SPI_write
                0x00000330       0x2c app/spi.o
                0x00000330                SPI_write
 .text.SPI_read
                0x0000035c       0x30 app/spi.o
                0x0000035c                SPI_read
 .text.SPI_transfer
                0x0000038c       0x44 app/spi.o
                0x0000038c                SPI_transfer
 .text.SPI_writeBuffer
                0x000003d0       0x2c app/spi.o
                0x000003d0                SPI_writeBuffer
 .text.SPI_readBuffer
                0x000003fc       0x2c app/spi.o
                0x000003fc                SPI_readBuffer
 .text.SPI_start
                0x00000428        0xc app/spi.o
                0x00000428                SPI_start
 .text.SPI_end  0x00000434        0xc app/spi.o
                0x00000434                SPI_end
 .text.timer_work
                0x00000440       0x10 app/timer.o
 .text.millis_init
                0x00000450       0x34 app/timer.o
                0x00000450                millis_init
 .text.millis   0x00000484        0xc app/timer.o
                0x00000484                millis
 .text.atmel_start_init
                0x00000490       0x14 atmel_start.o
                0x00000490                atmel_start_init
 .text.Dummy_Handler
                0x000004a4        0x2 Device_Startup/startup_samd11.o
                0x000004a4                SVCall_Handler
                0x000004a4                DMAC_Handler
                0x000004a4                HardFault_Handler
                0x000004a4                TC2_Handler
                0x000004a4                AC_Handler
                0x000004a4                SysTick_Handler
                0x000004a4                PendSV_Handler
                0x000004a4                SERCOM1_Handler
                0x000004a4                ADC_Handler
                0x000004a4                NonMaskableInt_Handler
                0x000004a4                SERCOM2_Handler
                0x000004a4                TCC0_Handler
                0x000004a4                RTC_Handler
                0x000004a4                WDT_Handler
                0x000004a4                Dummy_Handler
                0x000004a4                PM_Handler
                0x000004a4                EVSYS_Handler
                0x000004a4                NVMCTRL_Handler
                0x000004a4                SERCOM0_Handler
                0x000004a4                DAC_Handler
                0x000004a4                PTC_Handler
                0x000004a4                SYSCTRL_Handler
 *fill*         0x000004a6        0x2 
 .text.Reset_Handler
                0x000004a8       0xe4 Device_Startup/startup_samd11.o
                0x000004a8                Reset_Handler
 .text.EXTERNAL_IRQ_0_init
                0x0000058c       0x58 driver_init.o
                0x0000058c                EXTERNAL_IRQ_0_init
 .text.SPI_0_PORT_init
                0x000005e4       0xb8 driver_init.o
                0x000005e4                SPI_0_PORT_init
 .text.SPI_0_CLOCK_init
                0x0000069c       0x20 driver_init.o
                0x0000069c                SPI_0_CLOCK_init
 .text.SPI_0_init
                0x000006bc       0x28 driver_init.o
                0x000006bc                SPI_0_init
 .text.delay_driver_init
                0x000006e4       0x14 driver_init.o
                0x000006e4                delay_driver_init
 .text.USB_DEVICE_INSTANCE_PORT_init
                0x000006f8       0x88 driver_init.o
                0x000006f8                USB_DEVICE_INSTANCE_PORT_init
 .text.USB_DEVICE_INSTANCE_CLOCK_init
                0x00000780       0x28 driver_init.o
                0x00000780                USB_DEVICE_INSTANCE_CLOCK_init
 .text.USB_DEVICE_INSTANCE_init
                0x000007a8       0x1c driver_init.o
                0x000007a8                USB_DEVICE_INSTANCE_init
 .text.system_init
                0x000007c4      0x188 driver_init.o
                0x000007c4                system_init
 .text.atomic_enter_critical
                0x0000094c        0xe hal/src/hal_atomic.o
                0x0000094c                atomic_enter_critical
 .text.atomic_leave_critical
                0x0000095a        0xc hal/src/hal_atomic.o
                0x0000095a                atomic_leave_critical
 *fill*         0x00000966        0x2 
 .text.delay_init
                0x00000968       0x14 hal/src/hal_delay.o
                0x00000968                delay_init
 .text.delay_ms
                0x0000097c       0x20 hal/src/hal_delay.o
                0x0000097c                delay_ms
 .text.process_ext_irq
                0x0000099c       0x38 hal/src/hal_ext_irq.o
 .text.ext_irq_init
                0x000009d4       0x24 hal/src/hal_ext_irq.o
                0x000009d4                ext_irq_init
 .text.ext_irq_register
                0x000009f8       0x48 hal/src/hal_ext_irq.o
                0x000009f8                ext_irq_register
 .text.io_write
                0x00000a40       0x34 hal/src/hal_io.o
                0x00000a40                io_write
 .text.io_read  0x00000a74       0x34 hal/src/hal_io.o
                0x00000a74                io_read
 .text.spi_m_sync_init
                0x00000aa8       0x54 hal/src/hal_spi_m_sync.o
                0x00000aa8                spi_m_sync_init
 .text.spi_m_sync_transfer
                0x00000afc       0x48 hal/src/hal_spi_m_sync.o
                0x00000afc                spi_m_sync_transfer
 .text._spi_m_sync_io_write
                0x00000b44       0x3c hal/src/hal_spi_m_sync.o
 .text._spi_m_sync_io_read
                0x00000b80       0x3c hal/src/hal_spi_m_sync.o
 .text.spi_m_sync_get_io_descriptor
                0x00000bbc       0x30 hal/src/hal_spi_m_sync.o
                0x00000bbc                spi_m_sync_get_io_descriptor
 .text.timer_add_timer_task
                0x00000bec       0x70 hal/src/hal_timer.o
 .text.timer_process_counted
                0x00000c5c       0x8c hal/src/hal_timer.o
 .text.timer_init
                0x00000ce8       0x44 hal/src/hal_timer.o
                0x00000ce8                timer_init
 .text.timer_start
                0x00000d2c       0x3c hal/src/hal_timer.o
                0x00000d2c                timer_start
 .text.timer_add_task
                0x00000d68       0xac hal/src/hal_timer.o
                0x00000d68                timer_add_task
 .text._usb_d_find_ep
                0x00000e14       0x44 hal/src/hal_usb_device.o
 .text.usb_d_dummy_cb_false
                0x00000e58        0x4 hal/src/hal_usb_device.o
 .text.usb_d_cb_trans_more
                0x00000e5c       0x38 hal/src/hal_usb_device.o
 .text._usb_d_cb_trans_done
                0x00000e94      0x160 hal/src/hal_usb_device.o
 .text.usb_d_cb_trans_setup
                0x00000ff4       0x90 hal/src/hal_usb_device.o
 .text.usb_d_init
                0x00001084       0x64 hal/src/hal_usb_device.o
                0x00001084                usb_d_init
 .text.usb_d_register_callback
                0x000010e8        0xc hal/src/hal_usb_device.o
                0x000010e8                usb_d_register_callback
 .text.usb_d_enable
                0x000010f4        0xc hal/src/hal_usb_device.o
                0x000010f4                usb_d_enable
 .text.usb_d_attach
                0x00001100        0xc hal/src/hal_usb_device.o
                0x00001100                usb_d_attach
 .text.usb_d_set_address
                0x0000110c        0xc hal/src/hal_usb_device.o
                0x0000110c                usb_d_set_address
 .text.usb_d_ep_init
                0x00001118       0x54 hal/src/hal_usb_device.o
                0x00001118                usb_d_ep_init
 .text.usb_d_ep0_init
                0x0000116c       0x14 hal/src/hal_usb_device.o
                0x0000116c                usb_d_ep0_init
 .text.usb_d_ep_deinit
                0x00001180       0x2c hal/src/hal_usb_device.o
                0x00001180                usb_d_ep_deinit
 .text.usb_d_ep_enable
                0x000011ac       0x4c hal/src/hal_usb_device.o
                0x000011ac                usb_d_ep_enable
 .text.usb_d_ep_transfer
                0x000011f8      0x128 hal/src/hal_usb_device.o
                0x000011f8                usb_d_ep_transfer
 .text.usb_d_ep_halt
                0x00001320       0x68 hal/src/hal_usb_device.o
                0x00001320                usb_d_ep_halt
 .text.usb_d_ep_register_callback
                0x00001388       0x50 hal/src/hal_usb_device.o
                0x00001388                usb_d_ep_register_callback
 .text.assert   0x000013d8        0x8 hal/utils/src/utils_assert.o
                0x000013d8                assert
 .text.is_list_element
                0x000013e0       0x24 hal/utils/src/utils_list.o
                0x000013e0                is_list_element
 .text.list_insert_as_head
                0x00001404       0x2c hal/utils/src/utils_list.o
                0x00001404                list_insert_as_head
 .text.list_insert_after
                0x00001430        0x8 hal/utils/src/utils_list.o
                0x00001430                list_insert_after
 .text.list_insert_at_end
                0x00001438       0x40 hal/utils/src/utils_list.o
                0x00001438                list_insert_at_end
 .text.list_remove_head
                0x00001478        0xe hal/utils/src/utils_list.o
                0x00001478                list_remove_head
 *fill*         0x00001486        0x2 
 .text._irq_set
                0x00001488       0x1c hpl/core/hpl_core_m0plus_base.o
                0x00001488                _irq_set
 .text._get_cycles_for_ms
                0x000014a4        0xc hpl/core/hpl_core_m0plus_base.o
                0x000014a4                _get_cycles_for_ms
 .text._init_chip
                0x000014b0       0x38 hpl/core/hpl_init.o
                0x000014b0                _init_chip
 .text._ext_irq_init
                0x000014e8       0x90 hpl/eic/hpl_eic.o
                0x000014e8                _ext_irq_init
 .text._ext_irq_enable
                0x00001578       0x28 hpl/eic/hpl_eic.o
                0x00001578                _ext_irq_enable
 .text.EIC_Handler
                0x000015a0       0xe8 hpl/eic/hpl_eic.o
                0x000015a0                EIC_Handler
 .text._gclk_init_generators_by_fref
                0x00001688       0x5c hpl/gclk/hpl_gclk.o
                0x00001688                _gclk_init_generators_by_fref
 .text._pm_init
                0x000016e4       0x20 hpl/pm/hpl_pm.o
                0x000016e4                _pm_init
 .text._spi_m_sync_init
                0x00001704       0xf8 hpl/sercom/hpl_sercom.o
                0x00001704                _spi_m_sync_init
 .text._spi_m_sync_trans
                0x000017fc      0x110 hpl/sercom/hpl_sercom.o
                0x000017fc                _spi_m_sync_trans
 .text._sysctrl_init_sources
                0x0000190c       0x60 hpl/sysctrl/hpl_sysctrl.o
                0x0000190c                _sysctrl_init_sources
 .text._sysctrl_init_referenced_generators
                0x0000196c       0x80 hpl/sysctrl/hpl_sysctrl.o
                0x0000196c                _sysctrl_init_referenced_generators
 .text._delay_init
                0x000019ec       0x14 hpl/systick/hpl_systick.o
                0x000019ec                _delay_init
 .text._delay_cycles
                0x00001a00       0x54 hpl/systick/hpl_systick.o
                0x00001a00                _delay_cycles
 .text._timer_init
                0x00001a54      0x114 hpl/tc/hpl_tc.o
                0x00001a54                _timer_init
 .text._timer_start
                0x00001b68        0xc hpl/tc/hpl_tc.o
                0x00001b68                _timer_start
 .text._timer_is_started
                0x00001b74        0xa hpl/tc/hpl_tc.o
                0x00001b74                _timer_is_started
 .text._tc_get_timer
                0x00001b7e        0x4 hpl/tc/hpl_tc.o
                0x00001b7e                _tc_get_timer
 *fill*         0x00001b82        0x2 
 .text._timer_set_irq
                0x00001b84       0x20 hpl/tc/hpl_tc.o
                0x00001b84                _timer_set_irq
 .text.TC1_Handler
                0x00001ba4       0x20 hpl/tc/hpl_tc.o
                0x00001ba4                TC1_Handler
 .text._dummy_func_no_return
                0x00001bc4        0x4 hpl/usb/hpl_usb.o
 .text._usb_d_dev_handle_setup
                0x00001bc8       0x8c hpl/usb/hpl_usb.o
 .text._usb_d_dev_handle_stall
                0x00001c54       0x30 hpl/usb/hpl_usb.o
 .text._usb_d_dev_trans_done
                0x00001c84       0x28 hpl/usb/hpl_usb.o
 .text._usb_d_dev_trans_stop
                0x00001cac       0x6c hpl/usb/hpl_usb.o
 .text._usb_d_dev_handle_trfail
                0x00001d18      0x100 hpl/usb/hpl_usb.o
 .text._usb_d_dev_reset_epts
                0x00001e18       0x44 hpl/usb/hpl_usb.o
 .text._usb_d_dev_in_next
                0x00001e5c      0x1a8 hpl/usb/hpl_usb.o
 .text._usb_d_dev_out_next
                0x00002004      0x234 hpl/usb/hpl_usb.o
 .text._usb_d_dev_init
                0x00002238       0xdc hpl/usb/hpl_usb.o
                0x00002238                _usb_d_dev_init
 .text._usb_d_dev_enable
                0x00002314       0x50 hpl/usb/hpl_usb.o
                0x00002314                _usb_d_dev_enable
 .text._usb_d_dev_attach
                0x00002364       0x10 hpl/usb/hpl_usb.o
                0x00002364                _usb_d_dev_attach
 .text._usb_d_dev_set_address
                0x00002374       0x10 hpl/usb/hpl_usb.o
                0x00002374                _usb_d_dev_set_address
 .text._usb_d_dev_ep_init
                0x00002384      0x12c hpl/usb/hpl_usb.o
                0x00002384                _usb_d_dev_ep_init
 .text._usb_d_dev_ep_deinit
                0x000024b0       0xcc hpl/usb/hpl_usb.o
                0x000024b0                _usb_d_dev_ep_deinit
 .text._usb_d_dev_ep_enable
                0x0000257c      0x2dc hpl/usb/hpl_usb.o
                0x0000257c                _usb_d_dev_ep_enable
 .text._usb_d_dev_ep_stall
                0x00002858      0x164 hpl/usb/hpl_usb.o
                0x00002858                _usb_d_dev_ep_stall
 .text._usb_d_dev_ep_read_req
                0x000029bc       0x70 hpl/usb/hpl_usb.o
                0x000029bc                _usb_d_dev_ep_read_req
 .text._usb_d_dev_ep_trans
                0x00002a2c      0x214 hpl/usb/hpl_usb.o
                0x00002a2c                _usb_d_dev_ep_trans
 .text._usb_d_dev_register_callback
                0x00002c40       0x24 hpl/usb/hpl_usb.o
                0x00002c40                _usb_d_dev_register_callback
 .text._usb_d_dev_register_ep_callback
                0x00002c64       0x30 hpl/usb/hpl_usb.o
                0x00002c64                _usb_d_dev_register_ep_callback
 .text.USB_Handler
                0x00002c94      0x23c hpl/usb/hpl_usb.o
                0x00002c94                USB_Handler
 .text.leds_off
                0x00002ed0       0x1e main.o
                0x00002ed0                leds_off
 .text.leds_on  0x00002eee       0x1e main.o
                0x00002eee                leds_on
 .text.toggle_led
                0x00002f0c       0x12 main.o
                0x00002f0c                toggle_led
 *fill*         0x00002f1e        0x2 
 .text.blink    0x00002f20       0x20 main.o
                0x00002f20                blink
 .text.blinkall
                0x00002f40       0x48 main.o
                0x00002f40                blinkall
 .text.progress
                0x00002f88       0x2c main.o
                0x00002f88                progress
 .text.marquee  0x00002fb4       0x34 main.o
                0x00002fb4                marquee
 .text.test     0x00002fe8       0x34 main.o
                0x00002fe8                test
 .text.main     0x0000301c       0x30 main.o
                0x0000301c                main
 .text.cdcdf_acm_req
                0x0000304c      0x11c usb/class/cdc/device/cdcdf_acm.o
 .text.cdcdf_acm_ctrl
                0x00003168      0x17c usb/class/cdc/device/cdcdf_acm.o
 .text.cdcdf_acm_init
                0x000032e4       0x44 usb/class/cdc/device/cdcdf_acm.o
                0x000032e4                cdcdf_acm_init
 .text.usbdc_unconfig
                0x00003328       0x20 usb/device/usbdc.o
 .text.usbdc_change_notify
                0x00003348       0x28 usb/device/usbdc.o
 .text.usbdc_request_handler
                0x00003370       0x44 usb/device/usbdc.o
 .text.usbd_sof_cb
                0x000033b4       0x20 usb/device/usbdc.o
 .text.usbdc_cb_ctl_done
                0x000033d4       0x7c usb/device/usbdc.o
 .text.usbdc_reset
                0x00003450       0x58 usb/device/usbdc.o
                0x00003450                usbdc_reset
 .text.usbd_event_cb
                0x000034a8       0x24 usb/device/usbdc.o
 .text.usbdc_xfer
                0x000034cc       0x1c usb/device/usbdc.o
                0x000034cc                usbdc_xfer
 .text.usbdc_cb_ctl_req
                0x000034e8      0x440 usb/device/usbdc.o
 .text.usbdc_register_handler
                0x00003928       0x38 usb/device/usbdc.o
                0x00003928                usbdc_register_handler
 .text.usbdc_init
                0x00003960       0x60 usb/device/usbdc.o
                0x00003960                usbdc_init
 .text.usbdc_register_function
                0x000039c0       0x18 usb/device/usbdc.o
                0x000039c0                usbdc_register_function
 .text.usbdc_start
                0x000039d8       0x38 usb/device/usbdc.o
                0x000039d8                usbdc_start
 .text.usbdc_attach
                0x00003a10        0xc usb/device/usbdc.o
                0x00003a10                usbdc_attach
 .text.usbdc_get_ctrl_buffer
                0x00003a1c        0xc usb/device/usbdc.o
                0x00003a1c                usbdc_get_ctrl_buffer
 .text.usbdc_get_state
                0x00003a28       0x10 usb/device/usbdc.o
                0x00003a28                usbdc_get_state
 .text.usb_find_desc
                0x00003a38       0x36 usb/usb_protocol.o
                0x00003a38                usb_find_desc
 .text.usb_find_ep_desc
                0x00003a6e       0x44 usb/usb_protocol.o
                0x00003a6e                usb_find_ep_desc
 *fill*         0x00003ab2        0x2 
 .text.usb_find_cfg_desc
                0x00003ab4       0x68 usb/usb_protocol.o
                0x00003ab4                usb_find_cfg_desc
 .text.usb_find_str_desc
                0x00003b1c       0x3c usb/usb_protocol.o
                0x00003b1c                usb_find_str_desc
 .text.cdc_device_acm_init
                0x00003b58       0x34 usb_start.o
                0x00003b58                cdc_device_acm_init
 .text.usb_init
                0x00003b8c        0xc usb_start.o
                0x00003b8c                usb_init
 .text          0x00003b98       0x14 c:/program files/atmel/studio/7.0/toolchain/arm/arm-gnu-toolchain/bin/../lib/gcc/arm-none-eabi/6.3.1/thumb/v6-m\libgcc.a(_ffssi2.o)
                0x00003b98                __ffssi2
 .text          0x00003bac       0x40 c:/program files/atmel/studio/7.0/toolchain/arm/arm-gnu-toolchain/bin/../lib/gcc/arm-none-eabi/6.3.1/thumb/v6-m\libgcc.a(_ctzsi2.o)
                0x00003bac                __ctzsi2
 .text.__libc_init_array
                0x00003bec       0x48 c:/program files/atmel/studio/7.0/toolchain/arm/arm-gnu-toolchain/bin/../lib/gcc/arm-none-eabi/6.3.1/../../../../arm-none-eabi/lib/thumb/v6-m\libc_nano.a(lib_a-init.o)
                0x00003bec                __libc_init_array
 .text.memcpy   0x00003c34       0x12 c:/program files/atmel/studio/7.0/toolchain/arm/arm-gnu-toolchain/bin/../lib/gcc/arm-none-eabi/6.3.1/../../../../arm-none-eabi/lib/thumb/v6-m\libc_nano.a(lib_a-memcpy-stub.o)
                0x00003c34                memcpy
 .text.memset   0x00003c46       0x10 c:/program files/atmel/studio/7.0/toolchain/arm/arm-gnu-toolchain/bin/../lib/gcc/arm-none-eabi/6.3.1/../../../../arm-none-eabi/lib/thumb/v6-m\libc_nano.a(lib_a-memset.o)
                0x00003c46                memset
 *(.glue_7t)
 .glue_7t       0x00003c56        0x0 linker stubs
 *(.glue_7)
 .glue_7        0x00003c56        0x0 linker stubs
 *(.rodata .rodata* .gnu.linkonce.r.*)
 *fill*         0x00003c56        0x2 
 .rodata.str1.4
                0x00003c58       0x14 hal/src/hal_io.o
 .rodata.str1.4
                0x00003c6c       0x1c hal/src/hal_spi_m_sync.o
 .rodata.str1.4
                0x00003c88       0x17 hal/src/hal_timer.o
 *fill*         0x00003c9f        0x1 
 .rodata.str1.4
                0x00003ca0       0x1e hal/utils/src/utils_list.o
 *fill*         0x00003cbe        0x2 
 .rodata        0x00003cc0        0x8 hpl/eic/hpl_eic.o
 .rodata.str1.4
                0x00003cc8       0x15 hpl/eic/hpl_eic.o
 *fill*         0x00003cdd        0x3 
 .rodata.str1.4
                0x00003ce0       0x1b hpl/sercom/hpl_sercom.o
 *fill*         0x00003cfb        0x1 
 .rodata        0x00003cfc       0x14 hpl/tc/hpl_tc.o
 .rodata.str1.4
                0x00003d10       0x13 hpl/tc/hpl_tc.o
 *fill*         0x00003d23        0x1 
 .rodata.cst2   0x00003d24        0x2 hpl/usb/hpl_usb.o
 *fill*         0x00003d26        0x2 
 .rodata        0x00003d28       0x24 hpl/usb/hpl_usb.o
 .rodata        0x00003d4c       0x30 usb/device/usbdc.o
 .rodata.str1.4
                0x00003d7c       0x18 usb/device/usbdc.o
                                 0x16 (size before relaxing)
 *(.ARM.extab* .gnu.linkonce.armextab.*)
                0x00003d94                . = ALIGN (0x4)
 *(.init)
 .init          0x00003d94        0x4 c:/program files/atmel/studio/7.0/toolchain/arm/arm-gnu-toolchain/bin/../lib/gcc/arm-none-eabi/6.3.1/thumb/v6-m/crti.o
                0x00003d94                _init
 .init          0x00003d98        0x8 c:/program files/atmel/studio/7.0/toolchain/arm/arm-gnu-toolchain/bin/../lib/gcc/arm-none-eabi/6.3.1/thumb/v6-m/crtn.o
                0x00003da0                . = ALIGN (0x4)
                0x00003da0                __preinit_array_start = .
 *(.preinit_array)
                0x00003da0                __preinit_array_end = .
                0x00003da0                . = ALIGN (0x4)
                0x00003da0                __init_array_start = .
 *(SORT(.init_array.*))
 *(.init_array)
 .init_array    0x00003da0        0x4 c:/program files/atmel/studio/7.0/toolchain/arm/arm-gnu-toolchain/bin/../lib/gcc/arm-none-eabi/6.3.1/thumb/v6-m/crtbegin.o
                0x00003da4                __init_array_end = .
                0x00003da4                . = ALIGN (0x4)
 *crtbegin.o(.ctors)
 *(EXCLUDE_FILE(*crtend.o) .ctors)
 *(SORT(.ctors.*))
 *crtend.o(.ctors)
                0x00003da4                . = ALIGN (0x4)
 *(.fini)
 .fini          0x00003da4        0x4 c:/program files/atmel/studio/7.0/toolchain/arm/arm-gnu-toolchain/bin/../lib/gcc/arm-none-eabi/6.3.1/thumb/v6-m/crti.o
                0x00003da4                _fini
 .fini          0x00003da8        0x8 c:/program files/atmel/studio/7.0/toolchain/arm/arm-gnu-toolchain/bin/../lib/gcc/arm-none-eabi/6.3.1/thumb/v6-m/crtn.o
                0x00003db0                . = ALIGN (0x4)
                0x00003db0                __fini_array_start = .
 *(.fini_array)
 .fini_array    0x00003db0        0x4 c:/program files/atmel/studio/7.0/toolchain/arm/arm-gnu-toolchain/bin/../lib/gcc/arm-none-eabi/6.3.1/thumb/v6-m/crtbegin.o
 *(SORT(.fini_array.*))
                0x00003db4                __fini_array_end = .
 *crtbegin.o(.dtors)
 *(EXCLUDE_FILE(*crtend.o) .dtors)
 *(SORT(.dtors.*))
 *crtend.o(.dtors)
                0x00003db4                . = ALIGN (0x4)
                0x00003db4                _efixed = .
                [!provide]                PROVIDE (__exidx_start, .)

.vfp11_veneer   0x00003db4        0x0
 .vfp11_veneer  0x00003db4        0x0 linker stubs

.v4_bx          0x00003db4        0x0
 .v4_bx         0x00003db4        0x0 linker stubs

.iplt           0x00003db4        0x0
 .iplt          0x00003db4        0x0 c:/program files/atmel/studio/7.0/toolchain/arm/arm-gnu-toolchain/bin/../lib/gcc/arm-none-eabi/6.3.1/thumb/v6-m/crtbegin.o

.eh_frame       0x00003db4        0x0
 .eh_frame      0x00003db4        0x0 c:/program files/atmel/studio/7.0/toolchain/arm/arm-gnu-toolchain/bin/../lib/gcc/arm-none-eabi/6.3.1/thumb/v6-m/crtbegin.o

.rel.dyn        0x00003db4        0x0
 .rel.iplt      0x00003db4        0x0 c:/program files/atmel/studio/7.0/toolchain/arm/arm-gnu-toolchain/bin/../lib/gcc/arm-none-eabi/6.3.1/thumb/v6-m/crtbegin.o

.jcr            0x00003db4        0x0
 .jcr           0x00003db4        0x0 c:/program files/atmel/studio/7.0/toolchain/arm/arm-gnu-toolchain/bin/../lib/gcc/arm-none-eabi/6.3.1/thumb/v6-m/crtbegin.o

.igot.plt       0x00003db4        0x0
 .igot.plt      0x00003db4        0x0 c:/program files/atmel/studio/7.0/toolchain/arm/arm-gnu-toolchain/bin/../lib/gcc/arm-none-eabi/6.3.1/thumb/v6-m/crtbegin.o

.ARM.exidx
 *(.ARM.exidx* .gnu.linkonce.armexidx.*)
                [!provide]                PROVIDE (__exidx_end, .)
                0x00003db4                . = ALIGN (0x4)
                0x00003db4                _etext = .

.relocate       0x20000000       0x6c load address 0x00003db4
                0x20000000                . = ALIGN (0x4)
                0x20000000                _srelocate = .
 *(.ramfunc .ramfunc.*)
 *(.data .data.*)
 .data          0x20000000        0x1 app/CR95HF.o
 *fill*         0x20000001        0x3 
 .data          0x20000004        0x8 usb/class/cdc/device/cdcdf_acm.o
 .data          0x2000000c       0x5d usb_start.o
                0x2000006c                . = ALIGN (0x4)
 *fill*         0x20000069        0x3 
                0x2000006c                _erelocate = .

.bss            0x2000006c      0x50c load address 0x00003e20
                0x2000006c                . = ALIGN (0x4)
                0x2000006c                _sbss = .
                0x2000006c                _szero = .
 *(.bss .bss.*)
 .bss           0x2000006c       0x1c c:/program files/atmel/studio/7.0/toolchain/arm/arm-gnu-toolchain/bin/../lib/gcc/arm-none-eabi/6.3.1/thumb/v6-m/crtbegin.o
 .bss           0x20000088      0x161 app/CR95HF.o
 *fill*         0x200001e9        0x3 
 .bss           0x200001ec        0x4 app/timer.o
                0x200001ec                time
 .bss           0x200001f0        0x4 hal/src/hal_delay.o
 .bss           0x200001f4        0x8 hal/src/hal_ext_irq.o
 .bss           0x200001fc       0x80 hal/src/hal_usb_device.o
 .bss           0x2000027c        0x4 hpl/eic/hpl_eic.o
 .bss           0x20000280        0x4 hpl/tc/hpl_tc.o
 .bss           0x20000284      0x1e8 hpl/usb/hpl_usb.o
 .bss           0x2000046c       0x24 usb/class/cdc/device/cdcdf_acm.o
 .bss           0x20000490       0x20 usb/device/usbdc.o
 .bss           0x200004b0       0x80 usb_start.o
 *(COMMON)
 COMMON         0x20000530       0x14 app/timer.o
                0x20000530                task
 COMMON         0x20000544       0x34 driver_init.o
                0x20000544                SPI_0
                0x2000055c                TIMER_0
                0x20000578                . = ALIGN (0x4)
                0x20000578                _ebss = .
                0x20000578                _ezero = .

.stack          0x20000578      0x400 load address 0x0000432c
                0x20000578                . = ALIGN (0x8)
                0x20000578                _sstack = .
                0x20000978                . = (. + STACK_SIZE)
 *fill*         0x20000578      0x400 
                0x20000978                . = ALIGN (0x8)
                0x20000978                _estack = .
                0x20000978                . = ALIGN (0x4)
                0x20000978                _end = .
OUTPUT(NFCBadge.elf elf32-littlearm)

.ARM.attributes
                0x00000000       0x28
 .ARM.attributes
                0x00000000       0x1e c:/program files/atmel/studio/7.0/toolchain/arm/arm-gnu-toolchain/bin/../lib/gcc/arm-none-eabi/6.3.1/thumb/v6-m/crti.o
 .ARM.attributes
                0x0000001e       0x2c c:/program files/atmel/studio/7.0/toolchain/arm/arm-gnu-toolchain/bin/../lib/gcc/arm-none-eabi/6.3.1/thumb/v6-m/crtbegin.o
 .ARM.attributes
                0x0000004a       0x32 app/CR95HF.o
 .ARM.attributes
                0x0000007c       0x32 app/spi.o
 .ARM.attributes
                0x000000ae       0x32 app/timer.o
 .ARM.attributes
                0x000000e0       0x32 atmel_start.o
 .ARM.attributes
                0x00000112       0x32 Device_Startup/startup_samd11.o
 .ARM.attributes
                0x00000144       0x32 driver_init.o
 .ARM.attributes
                0x00000176       0x32 hal/src/hal_atomic.o
 .ARM.attributes
                0x000001a8       0x32 hal/src/hal_delay.o
 .ARM.attributes
                0x000001da       0x32 hal/src/hal_ext_irq.o
 .ARM.attributes
                0x0000020c       0x32 hal/src/hal_io.o
 .ARM.attributes
                0x0000023e       0x32 hal/src/hal_spi_m_sync.o
 .ARM.attributes
                0x00000270       0x32 hal/src/hal_timer.o
 .ARM.attributes
                0x000002a2       0x32 hal/src/hal_usb_device.o
 .ARM.attributes
                0x000002d4       0x32 hal/utils/src/utils_assert.o
 .ARM.attributes
                0x00000306       0x32 hal/utils/src/utils_list.o
 .ARM.attributes
                0x00000338       0x32 hpl/core/hpl_core_m0plus_base.o
 .ARM.attributes
                0x0000036a       0x32 hpl/core/hpl_init.o
 .ARM.attributes
                0x0000039c       0x32 hpl/eic/hpl_eic.o
 .ARM.attributes
                0x000003ce       0x32 hpl/gclk/hpl_gclk.o
 .ARM.attributes
                0x00000400       0x32 hpl/pm/hpl_pm.o
 .ARM.attributes
                0x00000432       0x32 hpl/sercom/hpl_sercom.o
 .ARM.attributes
                0x00000464       0x32 hpl/sysctrl/hpl_sysctrl.o
 .ARM.attributes
                0x00000496       0x32 hpl/systick/hpl_systick.o
 .ARM.attributes
                0x000004c8       0x32 hpl/tc/hpl_tc.o
 .ARM.attributes
                0x000004fa       0x32 hpl/usb/hpl_usb.o
 .ARM.attributes
                0x0000052c       0x32 main.o
 .ARM.attributes
                0x0000055e       0x32 usb/class/cdc/device/cdcdf_acm.o
 .ARM.attributes
                0x00000590       0x32 usb/device/usbdc.o
 .ARM.attributes
                0x000005c2       0x32 usb/usb_protocol.o
 .ARM.attributes
                0x000005f4       0x32 usb_start.o
 .ARM.attributes
                0x00000626       0x2c c:/program files/atmel/studio/7.0/toolchain/arm/arm-gnu-toolchain/bin/../lib/gcc/arm-none-eabi/6.3.1/thumb/v6-m\libgcc.a(_ffssi2.o)
 .ARM.attributes
                0x00000652       0x1e c:/program files/atmel/studio/7.0/toolchain/arm/arm-gnu-toolchain/bin/../lib/gcc/arm-none-eabi/6.3.1/thumb/v6-m\libgcc.a(_ctzsi2.o)
 .ARM.attributes
                0x00000670       0x2c c:/program files/atmel/studio/7.0/toolchain/arm/arm-gnu-toolchain/bin/../lib/gcc/arm-none-eabi/6.3.1/../../../../arm-none-eabi/lib/thumb/v6-m\libc_nano.a(lib_a-init.o)
 .ARM.attributes
                0x0000069c       0x2c c:/program files/atmel/studio/7.0/toolchain/arm/arm-gnu-toolchain/bin/../lib/gcc/arm-none-eabi/6.3.1/../../../../arm-none-eabi/lib/thumb/v6-m\libc_nano.a(lib_a-memcpy-stub.o)
 .ARM.attributes
                0x000006c8       0x2c c:/program files/atmel/studio/7.0/toolchain/arm/arm-gnu-toolchain/bin/../lib/gcc/arm-none-eabi/6.3.1/../../../../arm-none-eabi/lib/thumb/v6-m\libc_nano.a(lib_a-memset.o)
 .ARM.attributes
                0x000006f4       0x1e c:/program files/atmel/studio/7.0/toolchain/arm/arm-gnu-toolchain/bin/../lib/gcc/arm-none-eabi/6.3.1/thumb/v6-m/crtn.o

.comment        0x00000000       0x59
 .comment       0x00000000       0x59 app/CR95HF.o
                                 0x5a (size before relaxing)
 .comment       0x00000059       0x5a app/spi.o
 .comment       0x00000059       0x5a app/timer.o
 .comment       0x00000059       0x5a atmel_start.o
 .comment       0x00000059       0x5a Device_Startup/startup_samd11.o
 .comment       0x00000059       0x5a driver_init.o
 .comment       0x00000059       0x5a hal/src/hal_atomic.o
 .comment       0x00000059       0x5a hal/src/hal_delay.o
 .comment       0x00000059       0x5a hal/src/hal_ext_irq.o
 .comment       0x00000059       0x5a hal/src/hal_io.o
 .comment       0x00000059       0x5a hal/src/hal_spi_m_sync.o
 .comment       0x00000059       0x5a hal/src/hal_timer.o
 .comment       0x00000059       0x5a hal/src/hal_usb_device.o
 .comment       0x00000059       0x5a hal/utils/src/utils_assert.o
 .comment       0x00000059       0x5a hal/utils/src/utils_list.o
 .comment       0x00000059       0x5a hpl/core/hpl_core_m0plus_base.o
 .comment       0x00000059       0x5a hpl/core/hpl_init.o
 .comment       0x00000059       0x5a hpl/eic/hpl_eic.o
 .comment       0x00000059       0x5a hpl/gclk/hpl_gclk.o
 .comment       0x00000059       0x5a hpl/pm/hpl_pm.o
 .comment       0x00000059       0x5a hpl/sercom/hpl_sercom.o
 .comment       0x00000059       0x5a hpl/sysctrl/hpl_sysctrl.o
 .comment       0x00000059       0x5a hpl/systick/hpl_systick.o
 .comment       0x00000059       0x5a hpl/tc/hpl_tc.o
 .comment       0x00000059       0x5a hpl/usb/hpl_usb.o
 .comment       0x00000059       0x5a main.o
 .comment       0x00000059       0x5a usb/class/cdc/device/cdcdf_acm.o
 .comment       0x00000059       0x5a usb/device/usbdc.o
 .comment       0x00000059       0x5a usb/usb_protocol.o
 .comment       0x00000059       0x5a usb_start.o

.debug_info     0x00000000    0x37b3c
 .debug_info    0x00000000     0x2529 app/CR95HF.o
 .debug_info    0x00002529     0x170b app/spi.o
 .debug_info    0x00003c34      0xde7 app/timer.o
 .debug_info    0x00004a1b      0xca5 atmel_start.o
 .debug_info    0x000056c0     0x2bd5 Device_Startup/startup_samd11.o
 .debug_info    0x00008295     0x9b53 driver_init.o
 .debug_info    0x00011de8      0x1d1 hal/src/hal_atomic.o
 .debug_info    0x00011fb9      0x1dc hal/src/hal_delay.o
 .debug_info    0x00012195      0x367 hal/src/hal_ext_irq.o
 .debug_info    0x000124fc      0x2b2 hal/src/hal_io.o
 .debug_info    0x000127ae      0x9c9 hal/src/hal_spi_m_sync.o
 .debug_info    0x00013177      0xbb7 hal/src/hal_timer.o
 .debug_info    0x00013d2e     0x1e06 hal/src/hal_usb_device.o
 .debug_info    0x00015b34      0x107 hal/utils/src/utils_assert.o
 .debug_info    0x00015c3b      0x310 hal/utils/src/utils_list.o
 .debug_info    0x00015f4b      0x7bf hpl/core/hpl_core_m0plus_base.o
 .debug_info    0x0001670a      0x68a hpl/core/hpl_init.o
 .debug_info    0x00016d94     0x1c7d hpl/eic/hpl_eic.o
 .debug_info    0x00018a11      0x671 hpl/gclk/hpl_gclk.o
 .debug_info    0x00019082      0xc95 hpl/pm/hpl_pm.o
 .debug_info    0x00019d17     0xb376 hpl/sercom/hpl_sercom.o
 .debug_info    0x0002508d     0x1a3d hpl/sysctrl/hpl_sysctrl.o
 .debug_info    0x00026aca      0x276 hpl/systick/hpl_systick.o
 .debug_info    0x00026d40     0x2135 hpl/tc/hpl_tc.o
 .debug_info    0x00028e75     0x775e hpl/usb/hpl_usb.o
 .debug_info    0x000305d3     0x19b1 main.o
 .debug_info    0x00031f84     0x179f usb/class/cdc/device/cdcdf_acm.o
 .debug_info    0x00033723     0x247a usb/device/usbdc.o
 .debug_info    0x00035b9d      0xea8 usb/usb_protocol.o
 .debug_info    0x00036a45     0x10f7 usb_start.o

.debug_abbrev   0x00000000     0x517b
 .debug_abbrev  0x00000000      0x4f0 app/CR95HF.o
 .debug_abbrev  0x000004f0      0x337 app/spi.o
 .debug_abbrev  0x00000827      0x239 app/timer.o
 .debug_abbrev  0x00000a60      0x1b4 atmel_start.o
 .debug_abbrev  0x00000c14      0x234 Device_Startup/startup_samd11.o
 .debug_abbrev  0x00000e48      0x39e driver_init.o
 .debug_abbrev  0x000011e6      0x144 hal/src/hal_atomic.o
 .debug_abbrev  0x0000132a       0xe1 hal/src/hal_delay.o
 .debug_abbrev  0x0000140b      0x173 hal/src/hal_ext_irq.o
 .debug_abbrev  0x0000157e      0x115 hal/src/hal_io.o
 .debug_abbrev  0x00001693      0x1b1 hal/src/hal_spi_m_sync.o
 .debug_abbrev  0x00001844      0x221 hal/src/hal_timer.o
 .debug_abbrev  0x00001a65      0x485 hal/src/hal_usb_device.o
 .debug_abbrev  0x00001eea       0x86 hal/utils/src/utils_assert.o
 .debug_abbrev  0x00001f70      0x159 hal/utils/src/utils_list.o
 .debug_abbrev  0x000020c9      0x2af hpl/core/hpl_core_m0plus_base.o
 .debug_abbrev  0x00002378      0x1d9 hpl/core/hpl_init.o
 .debug_abbrev  0x00002551      0x3e8 hpl/eic/hpl_eic.o
 .debug_abbrev  0x00002939      0x187 hpl/gclk/hpl_gclk.o
 .debug_abbrev  0x00002ac0      0x211 hpl/pm/hpl_pm.o
 .debug_abbrev  0x00002cd1      0x586 hpl/sercom/hpl_sercom.o
 .debug_abbrev  0x00003257      0x285 hpl/sysctrl/hpl_sysctrl.o
 .debug_abbrev  0x000034dc      0x185 hpl/systick/hpl_systick.o
 .debug_abbrev  0x00003661      0x442 hpl/tc/hpl_tc.o
 .debug_abbrev  0x00003aa3      0x5d9 hpl/usb/hpl_usb.o
 .debug_abbrev  0x0000407c      0x37d main.o
 .debug_abbrev  0x000043f9      0x422 usb/class/cdc/device/cdcdf_acm.o
 .debug_abbrev  0x0000481b      0x420 usb/device/usbdc.o
 .debug_abbrev  0x00004c3b      0x2b8 usb/usb_protocol.o
 .debug_abbrev  0x00004ef3      0x288 usb_start.o

.debug_loc      0x00000000    0x15672
 .debug_loc     0x00000000      0x69a app/CR95HF.o
 .debug_loc     0x0000069a      0x244 app/spi.o
 .debug_loc     0x000008de       0x20 app/timer.o
 .debug_loc     0x000008fe       0x20 atmel_start.o
 .debug_loc     0x0000091e       0x40 Device_Startup/startup_samd11.o
 .debug_loc     0x0000095e     0x1b90 driver_init.o
 .debug_loc     0x000024ee       0x13 hal/src/hal_atomic.o
 .debug_loc     0x00002501       0xc3 hal/src/hal_delay.o
 .debug_loc     0x000025c4      0x32d hal/src/hal_ext_irq.o
 .debug_loc     0x000028f1      0x18a hal/src/hal_io.o
 .debug_loc     0x00002a7b      0x700 hal/src/hal_spi_m_sync.o
 .debug_loc     0x0000317b      0x761 hal/src/hal_timer.o
 .debug_loc     0x000038dc     0x138a hal/src/hal_usb_device.o
 .debug_loc     0x00004c66      0x271 hal/utils/src/utils_list.o
 .debug_loc     0x00004ed7      0x1d7 hpl/core/hpl_core_m0plus_base.o
 .debug_loc     0x000050ae       0x4c hpl/core/hpl_init.o
 .debug_loc     0x000050fa      0x481 hpl/eic/hpl_eic.o
 .debug_loc     0x0000557b      0x27c hpl/gclk/hpl_gclk.o
 .debug_loc     0x000057f7      0x11b hpl/pm/hpl_pm.o
 .debug_loc     0x00005912     0x801d hpl/sercom/hpl_sercom.o
 .debug_loc     0x0000d92f      0x317 hpl/sysctrl/hpl_sysctrl.o
 .debug_loc     0x0000dc46      0x10e hpl/systick/hpl_systick.o
 .debug_loc     0x0000dd54      0x7eb hpl/tc/hpl_tc.o
 .debug_loc     0x0000e53f     0x45a6 hpl/usb/hpl_usb.o
 .debug_loc     0x00012ae5      0x5be main.o
 .debug_loc     0x000130a3      0x982 usb/class/cdc/device/cdcdf_acm.o
 .debug_loc     0x00013a25     0x156c usb/device/usbdc.o
 .debug_loc     0x00014f91      0x54f usb/usb_protocol.o
 .debug_loc     0x000154e0      0x192 usb_start.o

.debug_aranges  0x00000000      0xf50
 .debug_aranges
                0x00000000       0xa0 app/CR95HF.o
 .debug_aranges
                0x000000a0       0x50 app/spi.o
 .debug_aranges
                0x000000f0       0x30 app/timer.o
 .debug_aranges
                0x00000120       0x20 atmel_start.o
 .debug_aranges
                0x00000140       0x28 Device_Startup/startup_samd11.o
 .debug_aranges
                0x00000168       0x60 driver_init.o
 .debug_aranges
                0x000001c8       0x30 hal/src/hal_atomic.o
 .debug_aranges
                0x000001f8       0x38 hal/src/hal_delay.o
 .debug_aranges
                0x00000230       0x50 hal/src/hal_ext_irq.o
 .debug_aranges
                0x00000280       0x30 hal/src/hal_io.o
 .debug_aranges
                0x000002b0       0x88 hal/src/hal_spi_m_sync.o
 .debug_aranges
                0x00000338       0x70 hal/src/hal_timer.o
 .debug_aranges
                0x000003a8      0x100 hal/src/hal_usb_device.o
 .debug_aranges
                0x000004a8       0x20 hal/utils/src/utils_assert.o
 .debug_aranges
                0x000004c8       0x48 hal/utils/src/utils_list.o
 .debug_aranges
                0x00000510       0x70 hpl/core/hpl_core_m0plus_base.o
 .debug_aranges
                0x00000580       0x20 hpl/core/hpl_init.o
 .debug_aranges
                0x000005a0       0x38 hpl/eic/hpl_eic.o
 .debug_aranges
                0x000005d8       0x28 hpl/gclk/hpl_gclk.o
 .debug_aranges
                0x00000600       0x30 hpl/pm/hpl_pm.o
 .debug_aranges
                0x00000630      0x4c8 hpl/sercom/hpl_sercom.o
 .debug_aranges
                0x00000af8       0x28 hpl/sysctrl/hpl_sysctrl.o
 .debug_aranges
                0x00000b20       0x48 hpl/systick/hpl_systick.o
 .debug_aranges
                0x00000b68       0x70 hpl/tc/hpl_tc.o
 .debug_aranges
                0x00000bd8      0x128 hpl/usb/hpl_usb.o
 .debug_aranges
                0x00000d00       0x70 main.o
 .debug_aranges
                0x00000d70       0x70 usb/class/cdc/device/cdcdf_acm.o
 .debug_aranges
                0x00000de0       0xe0 usb/device/usbdc.o
 .debug_aranges
                0x00000ec0       0x48 usb/usb_protocol.o
 .debug_aranges
                0x00000f08       0x48 usb_start.o

.debug_ranges   0x00000000     0x1948
 .debug_ranges  0x00000000       0xf0 app/CR95HF.o
 .debug_ranges  0x000000f0       0x40 app/spi.o
 .debug_ranges  0x00000130       0x20 app/timer.o
 .debug_ranges  0x00000150       0x10 atmel_start.o
 .debug_ranges  0x00000160       0x18 Device_Startup/startup_samd11.o
 .debug_ranges  0x00000178       0x50 driver_init.o
 .debug_ranges  0x000001c8       0x20 hal/src/hal_atomic.o
 .debug_ranges  0x000001e8       0x28 hal/src/hal_delay.o
 .debug_ranges  0x00000210       0x40 hal/src/hal_ext_irq.o
 .debug_ranges  0x00000250       0x20 hal/src/hal_io.o
 .debug_ranges  0x00000270       0x78 hal/src/hal_spi_m_sync.o
 .debug_ranges  0x000002e8       0xa8 hal/src/hal_timer.o
 .debug_ranges  0x00000390      0x148 hal/src/hal_usb_device.o
 .debug_ranges  0x000004d8       0x10 hal/utils/src/utils_assert.o
 .debug_ranges  0x000004e8       0x58 hal/utils/src/utils_list.o
 .debug_ranges  0x00000540       0x60 hpl/core/hpl_core_m0plus_base.o
 .debug_ranges  0x000005a0       0x10 hpl/core/hpl_init.o
 .debug_ranges  0x000005b0       0x40 hpl/eic/hpl_eic.o
 .debug_ranges  0x000005f0       0x18 hpl/gclk/hpl_gclk.o
 .debug_ranges  0x00000608       0x20 hpl/pm/hpl_pm.o
 .debug_ranges  0x00000628      0x9f8 hpl/sercom/hpl_sercom.o
 .debug_ranges  0x00001020       0x78 hpl/sysctrl/hpl_sysctrl.o
 .debug_ranges  0x00001098       0x38 hpl/systick/hpl_systick.o
 .debug_ranges  0x000010d0       0xa8 hpl/tc/hpl_tc.o
 .debug_ranges  0x00001178      0x400 hpl/usb/hpl_usb.o
 .debug_ranges  0x00001578       0x90 main.o
 .debug_ranges  0x00001608       0xa8 usb/class/cdc/device/cdcdf_acm.o
 .debug_ranges  0x000016b0      0x1c8 usb/device/usbdc.o
 .debug_ranges  0x00001878       0x98 usb/usb_protocol.o
 .debug_ranges  0x00001910       0x38 usb_start.o

.debug_macro    0x00000000    0x18899
 .debug_macro   0x00000000      0x6a7 app/CR95HF.o
 .debug_macro   0x000006a7       0x22 app/CR95HF.o
 .debug_macro   0x000006c9       0x3f app/CR95HF.o
 .debug_macro   0x00000708       0x1c app/CR95HF.o
 .debug_macro   0x00000724       0x22 app/CR95HF.o
 .debug_macro   0x00000746       0xb5 app/CR95HF.o
 .debug_macro   0x000007fb      0x3ad app/CR95HF.o
 .debug_macro   0x00000ba8      0x67e app/CR95HF.o
 .debug_macro   0x00001226      0x8b1 app/CR95HF.o
 .debug_macro   0x00001ad7      0x22e app/CR95HF.o
 .debug_macro   0x00001d05      0xc0c app/CR95HF.o
 .debug_macro   0x00002911      0x5e7 app/CR95HF.o
 .debug_macro   0x00002ef8      0x7c6 app/CR95HF.o
 .debug_macro   0x000036be      0x4e3 app/CR95HF.o
 .debug_macro   0x00003ba1      0x37f app/CR95HF.o
 .debug_macro   0x00003f20      0x189 app/CR95HF.o
 .debug_macro   0x000040a9      0x21c app/CR95HF.o
 .debug_macro   0x000042c5      0x735 app/CR95HF.o
 .debug_macro   0x000049fa       0x5e app/CR95HF.o
 .debug_macro   0x00004a58      0x624 app/CR95HF.o
 .debug_macro   0x0000507c      0x3ac app/CR95HF.o
 .debug_macro   0x00005428      0xc76 app/CR95HF.o
 .debug_macro   0x0000609e     0x1092 app/CR95HF.o
 .debug_macro   0x00007130      0xc19 app/CR95HF.o
 .debug_macro   0x00007d49      0x6ba app/CR95HF.o
 .debug_macro   0x00008403     0x1b83 app/CR95HF.o
 .debug_macro   0x00009f86      0xb7c app/CR95HF.o
 .debug_macro   0x0000ab02      0x340 app/CR95HF.o
 .debug_macro   0x0000ae42       0x7c app/CR95HF.o
 .debug_macro   0x0000aebe       0xa0 app/CR95HF.o
 .debug_macro   0x0000af5e       0x4c app/CR95HF.o
 .debug_macro   0x0000afaa       0xca app/CR95HF.o
 .debug_macro   0x0000b074       0xb8 app/CR95HF.o
 .debug_macro   0x0000b12c       0x58 app/CR95HF.o
 .debug_macro   0x0000b184      0x201 app/CR95HF.o
 .debug_macro   0x0000b385       0x82 app/CR95HF.o
 .debug_macro   0x0000b407      0x189 app/CR95HF.o
 .debug_macro   0x0000b590       0xa0 app/CR95HF.o
 .debug_macro   0x0000b630       0xac app/CR95HF.o
 .debug_macro   0x0000b6dc       0x1c app/CR95HF.o
 .debug_macro   0x0000b6f8       0x1c app/CR95HF.o
 .debug_macro   0x0000b714       0x1c app/CR95HF.o
 .debug_macro   0x0000b730       0x82 app/CR95HF.o
 .debug_macro   0x0000b7b2      0x112 app/CR95HF.o
 .debug_macro   0x0000b8c4       0x10 app/CR95HF.o
 .debug_macro   0x0000b8d4       0xdc app/CR95HF.o
 .debug_macro   0x0000b9b0      0x124 app/CR95HF.o
 .debug_macro   0x0000bad4      0x124 app/CR95HF.o
 .debug_macro   0x0000bbf8      0x124 app/CR95HF.o
 .debug_macro   0x0000bd1c      0x124 app/CR95HF.o
 .debug_macro   0x0000be40       0xe2 app/CR95HF.o
 .debug_macro   0x0000bf22       0xe2 app/CR95HF.o
 .debug_macro   0x0000c004      0x12a app/CR95HF.o
 .debug_macro   0x0000c12e      0x1fa app/CR95HF.o
 .debug_macro   0x0000c328       0x40 app/CR95HF.o
 .debug_macro   0x0000c368      0x306 app/CR95HF.o
 .debug_macro   0x0000c66e      0xff9 app/CR95HF.o
 .debug_macro   0x0000d667       0x5f app/CR95HF.o
 .debug_macro   0x0000d6c6       0x10 app/CR95HF.o
 .debug_macro   0x0000d6d6       0x10 app/CR95HF.o
 .debug_macro   0x0000d6e6       0x16 app/CR95HF.o
 .debug_macro   0x0000d6fc       0x16 app/CR95HF.o
 .debug_macro   0x0000d712       0x16 app/CR95HF.o
 .debug_macro   0x0000d728       0x16 app/CR95HF.o
 .debug_macro   0x0000d73e       0x16 app/CR95HF.o
 .debug_macro   0x0000d754       0x16 app/CR95HF.o
 .debug_macro   0x0000d76a       0x16 app/CR95HF.o
 .debug_macro   0x0000d780       0x16 app/CR95HF.o
 .debug_macro   0x0000d796       0x16 app/CR95HF.o
 .debug_macro   0x0000d7ac       0x16 app/CR95HF.o
 .debug_macro   0x0000d7c2       0x16 app/CR95HF.o
 .debug_macro   0x0000d7d8       0x16 app/CR95HF.o
 .debug_macro   0x0000d7ee       0x16 app/CR95HF.o
 .debug_macro   0x0000d804      0x4c3 app/CR95HF.o
 .debug_macro   0x0000dcc7       0x94 app/CR95HF.o
 .debug_macro   0x0000dd5b       0x16 app/CR95HF.o
 .debug_macro   0x0000dd71       0x6a app/CR95HF.o
 .debug_macro   0x0000dddb      0x28c app/CR95HF.o
 .debug_macro   0x0000e067      0x277 app/CR95HF.o
 .debug_macro   0x0000e2de       0x16 app/CR95HF.o
 .debug_macro   0x0000e2f4       0xca app/CR95HF.o
 .debug_macro   0x0000e3be       0x1c app/CR95HF.o
 .debug_macro   0x0000e3da       0x16 app/CR95HF.o
 .debug_macro   0x0000e3f0       0x94 app/CR95HF.o
 .debug_macro   0x0000e484       0xc9 app/CR95HF.o
 .debug_macro   0x0000e54d       0xd1 app/CR95HF.o
 .debug_macro   0x0000e61e       0xee app/CR95HF.o
 .debug_macro   0x0000e70c      0x34d app/CR95HF.o
 .debug_macro   0x0000ea59       0x76 app/CR95HF.o
 .debug_macro   0x0000eacf      0x11b app/CR95HF.o
 .debug_macro   0x0000ebea      0x12b app/CR95HF.o
 .debug_macro   0x0000ed15      0x256 app/CR95HF.o
 .debug_macro   0x0000ef6b       0x4c app/CR95HF.o
 .debug_macro   0x0000efb7      0x674 app/spi.o
 .debug_macro   0x0000f62b      0x649 app/timer.o
 .debug_macro   0x0000fc74      0x63e atmel_start.o
 .debug_macro   0x000102b2      0x2ac Device_Startup/startup_samd11.o
 .debug_macro   0x0001055e       0x39 Device_Startup/startup_samd11.o
 .debug_macro   0x00010597      0x52f driver_init.o
 .debug_macro   0x00010ac6       0x4e driver_init.o
 .debug_macro   0x00010b14      0x3d1 hal/src/hal_atomic.o
 .debug_macro   0x00010ee5      0x403 hal/src/hal_delay.o
 .debug_macro   0x000112e8      0x3eb hal/src/hal_ext_irq.o
 .debug_macro   0x000116d3      0x3e4 hal/src/hal_io.o
 .debug_macro   0x00011ab7      0x427 hal/src/hal_spi_m_sync.o
 .debug_macro   0x00011ede      0x417 hal/src/hal_timer.o
 .debug_macro   0x000122f5      0x4b9 hal/src/hal_usb_device.o
 .debug_macro   0x000127ae       0xcb hal/src/hal_usb_device.o
 .debug_macro   0x00012879      0x3da hal/utils/src/utils_assert.o
 .debug_macro   0x00012c53       0x10 hal/utils/src/utils_assert.o
 .debug_macro   0x00012c63      0x3de hal/utils/src/utils_list.o
 .debug_macro   0x00013041      0x428 hpl/core/hpl_core_m0plus_base.o
 .debug_macro   0x00013469      0x44b hpl/core/hpl_init.o
 .debug_macro   0x000138b4       0x2e hpl/core/hpl_init.o
 .debug_macro   0x000138e2      0x6ec hpl/core/hpl_init.o
 .debug_macro   0x00013fce      0x4b5 hpl/eic/hpl_eic.o
 .debug_macro   0x00014483      0x129 hpl/eic/hpl_eic.o
 .debug_macro   0x000145ac      0x3ed hpl/gclk/hpl_gclk.o
 .debug_macro   0x00014999      0x175 hpl/gclk/hpl_gclk.o
 .debug_macro   0x00014b0e      0x410 hpl/pm/hpl_pm.o
 .debug_macro   0x00014f1e      0x618 hpl/sercom/hpl_sercom.o
 .debug_macro   0x00015536       0x70 hpl/sercom/hpl_sercom.o
 .debug_macro   0x000155a6       0x94 hpl/sercom/hpl_sercom.o
 .debug_macro   0x0001563a       0x10 hpl/sercom/hpl_sercom.o
 .debug_macro   0x0001564a       0x1c hpl/sercom/hpl_sercom.o
 .debug_macro   0x00015666       0x22 hpl/sercom/hpl_sercom.o
 .debug_macro   0x00015688       0x10 hpl/sercom/hpl_sercom.o
 .debug_macro   0x00015698      0x3e7 hpl/sysctrl/hpl_sysctrl.o
 .debug_macro   0x00015a7f      0x2da hpl/sysctrl/hpl_sysctrl.o
 .debug_macro   0x00015d59      0x3de hpl/systick/hpl_systick.o
 .debug_macro   0x00016137       0x10 hpl/systick/hpl_systick.o
 .debug_macro   0x00016147      0x43e hpl/tc/hpl_tc.o
 .debug_macro   0x00016585       0x10 hpl/tc/hpl_tc.o
 .debug_macro   0x00016595       0x75 hpl/tc/hpl_tc.o
 .debug_macro   0x0001660a      0x64a hpl/usb/hpl_usb.o
 .debug_macro   0x00016c54      0x674 main.o
 .debug_macro   0x000172c8      0x51a usb/class/cdc/device/cdcdf_acm.o
 .debug_macro   0x000177e2       0xaf usb/class/cdc/device/cdcdf_acm.o
 .debug_macro   0x00017891      0x4fb usb/device/usbdc.o
 .debug_macro   0x00017d8c      0x4ca usb/usb_protocol.o
 .debug_macro   0x00018256      0x643 usb_start.o

.debug_line     0x00000000    0x16437
 .debug_line    0x00000000      0xee0 app/CR95HF.o
 .debug_line    0x00000ee0      0xc89 app/spi.o
 .debug_line    0x00001b69      0xbfb app/timer.o
 .debug_line    0x00002764      0xbcf atmel_start.o
 .debug_line    0x00003333      0x649 Device_Startup/startup_samd11.o
 .debug_line    0x0000397c      0xd0c driver_init.o
 .debug_line    0x00004688      0x8b5 hal/src/hal_atomic.o
 .debug_line    0x00004f3d      0x8e0 hal/src/hal_delay.o
 .debug_line    0x0000581d      0x920 hal/src/hal_ext_irq.o
 .debug_line    0x0000613d      0x8c9 hal/src/hal_io.o
 .debug_line    0x00006a06      0xa2a hal/src/hal_spi_m_sync.o
 .debug_line    0x00007430      0xa5e hal/src/hal_timer.o
 .debug_line    0x00007e8e      0xc6e hal/src/hal_usb_device.o
 .debug_line    0x00008afc      0x87f hal/utils/src/utils_assert.o
 .debug_line    0x0000937b      0x913 hal/utils/src/utils_list.o
 .debug_line    0x00009c8e      0xa2a hpl/core/hpl_core_m0plus_base.o
 .debug_line    0x0000a6b8      0x960 hpl/core/hpl_init.o
 .debug_line    0x0000b018      0xa67 hpl/eic/hpl_eic.o
 .debug_line    0x0000ba7f      0x918 hpl/gclk/hpl_gclk.o
 .debug_line    0x0000c397      0x925 hpl/pm/hpl_pm.o
 .debug_line    0x0000ccbc     0x2750 hpl/sercom/hpl_sercom.o
 .debug_line    0x0000f40c      0xa07 hpl/sysctrl/hpl_sysctrl.o
 .debug_line    0x0000fe13      0x913 hpl/systick/hpl_systick.o
 .debug_line    0x00010726      0xb5b hpl/tc/hpl_tc.o
 .debug_line    0x00011281     0x1449 hpl/usb/hpl_usb.o
 .debug_line    0x000126ca      0xdaa main.o
 .debug_line    0x00013474      0xbad usb/class/cdc/device/cdcdf_acm.o
 .debug_line    0x00014021      0xd34 usb/device/usbdc.o
 .debug_line    0x00014d55      0xab6 usb/usb_protocol.o
 .debug_line    0x0001580b      0xc2c usb_start.o

.debug_str      0x00000000    0x7ba37
 .debug_str     0x00000000    0x6cff9 app/CR95HF.o
                              0x6d575 (size before relaxing)
 .debug_str     0x0006cff9       0x31 app/spi.o
                              0x6aefe (size before relaxing)
 .debug_str     0x0006d02a       0x8f app/timer.o
                              0x6a02d (size before relaxing)
 .debug_str     0x0006d0b9       0x39 atmel_start.o
                              0x69f5d (size before relaxing)
 .debug_str     0x0006d0f2      0xd49 Device_Startup/startup_samd11.o
                              0x5ca5f (size before relaxing)
 .debug_str     0x0006de3b     0x1375 driver_init.o
                              0x664e7 (size before relaxing)
 .debug_str     0x0006f1b0       0x9c hal/src/hal_atomic.o
                              0x6308f (size before relaxing)
 .debug_str     0x0006f24c       0x89 hal/src/hal_delay.o
                              0x630f9 (size before relaxing)
 .debug_str     0x0006f2d5       0xbb hal/src/hal_ext_irq.o
                              0x63154 (size before relaxing)
 .debug_str     0x0006f390       0x33 hal/src/hal_io.o
                              0x6313c (size before relaxing)
 .debug_str     0x0006f3c3      0x2cb hal/src/hal_spi_m_sync.o
                              0x63a29 (size before relaxing)
 .debug_str     0x0006f68e      0x263 hal/src/hal_timer.o
                              0x639ce (size before relaxing)
 .debug_str     0x0006f8f1      0x823 hal/src/hal_usb_device.o
                              0x67290 (size before relaxing)
 .debug_str     0x00070114       0x2a hal/utils/src/utils_assert.o
                              0x6309f (size before relaxing)
 .debug_str     0x0007013e       0x31 hal/utils/src/utils_list.o
                              0x63149 (size before relaxing)
 .debug_str     0x0007016f      0x283 hpl/core/hpl_core_m0plus_base.o
                              0x63b07 (size before relaxing)
 .debug_str     0x000703f2     0x17d7 hpl/core/hpl_init.o
                              0x64cc4 (size before relaxing)
 .debug_str     0x00071bc9      0x965 hpl/eic/hpl_eic.o
                              0x66dff (size before relaxing)
 .debug_str     0x0007252e      0x679 hpl/gclk/hpl_gclk.o
                              0x637e6 (size before relaxing)
 .debug_str     0x00072ba7      0x194 hpl/pm/hpl_pm.o
                              0x63815 (size before relaxing)
 .debug_str     0x00072d3b     0x4807 hpl/sercom/hpl_sercom.o
                              0x68c0e (size before relaxing)
 .debug_str     0x00077542     0x1378 hpl/sysctrl/hpl_sysctrl.o
                              0x645ec (size before relaxing)
 .debug_str     0x000788ba       0xcd hpl/systick/hpl_systick.o
                              0x630e7 (size before relaxing)
 .debug_str     0x00078987      0x98e hpl/tc/hpl_tc.o
                              0x6473e (size before relaxing)
 .debug_str     0x00079315     0x178c hpl/usb/hpl_usb.o
                              0x690ab (size before relaxing)
 .debug_str     0x0007aaa1       0xa7 main.o
                              0x6af49 (size before relaxing)
 .debug_str     0x0007ab48      0x78c usb/class/cdc/device/cdcdf_acm.o
                              0x69686 (size before relaxing)
 .debug_str     0x0007b2d4      0x53f usb/device/usbdc.o
                              0x68cef (size before relaxing)
 .debug_str     0x0007b813       0xe4 usb/usb_protocol.o
                              0x672a3 (size before relaxing)
 .debug_str     0x0007b8f7      0x140 usb_start.o
                              0x6a250 (size before relaxing)

.debug_frame    0x00000000     0x27fc
 .debug_frame   0x00000000      0x1d0 app/CR95HF.o
 .debug_frame   0x000001d0       0xbc app/spi.o
 .debug_frame   0x0000028c       0x48 app/timer.o
 .debug_frame   0x000002d4       0x28 atmel_start.o
 .debug_frame   0x000002fc       0x40 Device_Startup/startup_samd11.o
 .debug_frame   0x0000033c       0xf8 driver_init.o
 .debug_frame   0x00000434       0x40 hal/src/hal_atomic.o
 .debug_frame   0x00000474       0x68 hal/src/hal_delay.o
 .debug_frame   0x000004dc       0xb4 hal/src/hal_ext_irq.o
 .debug_frame   0x00000590       0x58 hal/src/hal_io.o
 .debug_frame   0x000005e8      0x188 hal/src/hal_spi_m_sync.o
 .debug_frame   0x00000770      0x14c hal/src/hal_timer.o
 .debug_frame   0x000008bc      0x314 hal/src/hal_usb_device.o
 .debug_frame   0x00000bd0       0x20 hal/utils/src/utils_assert.o
 .debug_frame   0x00000bf0       0x88 hal/utils/src/utils_list.o
 .debug_frame   0x00000c78       0xd4 hpl/core/hpl_core_m0plus_base.o
 .debug_frame   0x00000d4c       0x28 hpl/core/hpl_init.o
 .debug_frame   0x00000d74       0x68 hpl/eic/hpl_eic.o
 .debug_frame   0x00000ddc       0x30 hpl/gclk/hpl_gclk.o
 .debug_frame   0x00000e0c       0x40 hpl/pm/hpl_pm.o
 .debug_frame   0x00000e4c      0xddc hpl/sercom/hpl_sercom.o
 .debug_frame   0x00001c28       0x30 hpl/sysctrl/hpl_sysctrl.o
 .debug_frame   0x00001c58       0x7c hpl/systick/hpl_systick.o
 .debug_frame   0x00001cd4       0xe0 hpl/tc/hpl_tc.o
 .debug_frame   0x00001db4      0x378 hpl/usb/hpl_usb.o
 .debug_frame   0x0000212c      0x150 main.o
 .debug_frame   0x0000227c      0x124 usb/class/cdc/device/cdcdf_acm.o
 .debug_frame   0x000023a0      0x274 usb/device/usbdc.o
 .debug_frame   0x00002614       0xa8 usb/usb_protocol.o
 .debug_frame   0x000026bc       0xa4 usb_start.o
 .debug_frame   0x00002760       0x28 c:/program files/atmel/studio/7.0/toolchain/arm/arm-gnu-toolchain/bin/../lib/gcc/arm-none-eabi/6.3.1/thumb/v6-m\libgcc.a(_ffssi2.o)
 .debug_frame   0x00002788       0x2c c:/program files/atmel/studio/7.0/toolchain/arm/arm-gnu-toolchain/bin/../lib/gcc/arm-none-eabi/6.3.1/../../../../arm-none-eabi/lib/thumb/v6-m\libc_nano.a(lib_a-init.o)
 .debug_frame   0x000027b4       0x28 c:/program files/atmel/studio/7.0/toolchain/arm/arm-gnu-toolchain/bin/../lib/gcc/arm-none-eabi/6.3.1/../../../../arm-none-eabi/lib/thumb/v6-m\libc_nano.a(lib_a-memcpy-stub.o)
 .debug_frame   0x000027dc       0x20 c:/program files/atmel/studio/7.0/toolchain/arm/arm-gnu-toolchain/bin/../lib/gcc/arm-none-eabi/6.3.1/../../../../arm-none-eabi/lib/thumb/v6-m\libc_nano.a(lib_a-memset.o)
