Archive member included to satisfy reference by file (symbol)

c:/program files/atmel/studio/7.0/toolchain/arm/arm-gnu-toolchain/bin/../lib/gcc/arm-none-eabi/6.3.1/thumb/v6-m\libgcc.a(_udivsi3.o)
                              hpl/core/hpl_core_m0plus_base.o (__aeabi_uidiv)
c:/program files/atmel/studio/7.0/toolchain/arm/arm-gnu-toolchain/bin/../lib/gcc/arm-none-eabi/6.3.1/thumb/v6-m\libgcc.a(_divsi3.o)
                              main.o (__aeabi_idivmod)
c:/program files/atmel/studio/7.0/toolchain/arm/arm-gnu-toolchain/bin/../lib/gcc/arm-none-eabi/6.3.1/thumb/v6-m\libgcc.a(_dvmd_tls.o)
                              c:/program files/atmel/studio/7.0/toolchain/arm/arm-gnu-toolchain/bin/../lib/gcc/arm-none-eabi/6.3.1/thumb/v6-m\libgcc.a(_udivsi3.o) (__aeabi_idiv0)
c:/program files/atmel/studio/7.0/toolchain/arm/arm-gnu-toolchain/bin/../lib/gcc/arm-none-eabi/6.3.1/../../../../arm-none-eabi/lib/thumb/v6-m\libc_nano.a(lib_a-exit.o)
                              c:/program files/atmel/studio/7.0/toolchain/arm/arm-gnu-toolchain/bin/../lib/gcc/arm-none-eabi/6.3.1/../../../../arm-none-eabi/lib/thumb/v6-m/crt0.o (exit)
c:/program files/atmel/studio/7.0/toolchain/arm/arm-gnu-toolchain/bin/../lib/gcc/arm-none-eabi/6.3.1/../../../../arm-none-eabi/lib/thumb/v6-m\libc_nano.a(lib_a-impure.o)
                              c:/program files/atmel/studio/7.0/toolchain/arm/arm-gnu-toolchain/bin/../lib/gcc/arm-none-eabi/6.3.1/../../../../arm-none-eabi/lib/thumb/v6-m\libc_nano.a(lib_a-exit.o) (_global_impure_ptr)
c:/program files/atmel/studio/7.0/toolchain/arm/arm-gnu-toolchain/bin/../lib/gcc/arm-none-eabi/6.3.1/../../../../arm-none-eabi/lib/thumb/v6-m\libc_nano.a(lib_a-init.o)
                              c:/program files/atmel/studio/7.0/toolchain/arm/arm-gnu-toolchain/bin/../lib/gcc/arm-none-eabi/6.3.1/../../../../arm-none-eabi/lib/thumb/v6-m/crt0.o (__libc_init_array)
c:/program files/atmel/studio/7.0/toolchain/arm/arm-gnu-toolchain/bin/../lib/gcc/arm-none-eabi/6.3.1/../../../../arm-none-eabi/lib/thumb/v6-m\libc_nano.a(lib_a-memset.o)
                              c:/program files/atmel/studio/7.0/toolchain/arm/arm-gnu-toolchain/bin/../lib/gcc/arm-none-eabi/6.3.1/../../../../arm-none-eabi/lib/thumb/v6-m/crt0.o (memset)
c:/program files/atmel/studio/7.0/toolchain/arm/arm-gnu-toolchain/bin/../lib/gcc/arm-none-eabi/6.3.1/../../../../arm-none-eabi/lib/thumb/v6-m\libc_nano.a(lib_a-printf.o)
                              hal/utils/src/utils_syscalls.o (printf)
c:/program files/atmel/studio/7.0/toolchain/arm/arm-gnu-toolchain/bin/../lib/gcc/arm-none-eabi/6.3.1/../../../../arm-none-eabi/lib/thumb/v6-m\libc_nano.a(lib_a-rand.o)
                              main.o (rand)
c:/program files/atmel/studio/7.0/toolchain/arm/arm-gnu-toolchain/bin/../lib/gcc/arm-none-eabi/6.3.1/../../../../arm-none-eabi/lib/thumb/v6-m\libc_nano.a(lib_a-findfp.o)
                              c:/program files/atmel/studio/7.0/toolchain/arm/arm-gnu-toolchain/bin/../lib/gcc/arm-none-eabi/6.3.1/../../../../arm-none-eabi/lib/thumb/v6-m\libc_nano.a(lib_a-printf.o) (__sinit)
c:/program files/atmel/studio/7.0/toolchain/arm/arm-gnu-toolchain/bin/../lib/gcc/arm-none-eabi/6.3.1/../../../../arm-none-eabi/lib/thumb/v6-m\libc_nano.a(lib_a-fwalk.o)
                              c:/program files/atmel/studio/7.0/toolchain/arm/arm-gnu-toolchain/bin/../lib/gcc/arm-none-eabi/6.3.1/../../../../arm-none-eabi/lib/thumb/v6-m\libc_nano.a(lib_a-findfp.o) (_fwalk)
c:/program files/atmel/studio/7.0/toolchain/arm/arm-gnu-toolchain/bin/../lib/gcc/arm-none-eabi/6.3.1/../../../../arm-none-eabi/lib/thumb/v6-m\libc_nano.a(lib_a-malloc.o)
                              c:/program files/atmel/studio/7.0/toolchain/arm/arm-gnu-toolchain/bin/../lib/gcc/arm-none-eabi/6.3.1/../../../../arm-none-eabi/lib/thumb/v6-m\libc_nano.a(lib_a-rand.o) (malloc)
c:/program files/atmel/studio/7.0/toolchain/arm/arm-gnu-toolchain/bin/../lib/gcc/arm-none-eabi/6.3.1/../../../../arm-none-eabi/lib/thumb/v6-m\libc_nano.a(lib_a-nano-freer.o)
                              c:/program files/atmel/studio/7.0/toolchain/arm/arm-gnu-toolchain/bin/../lib/gcc/arm-none-eabi/6.3.1/../../../../arm-none-eabi/lib/thumb/v6-m\libc_nano.a(lib_a-malloc.o) (_free_r)
c:/program files/atmel/studio/7.0/toolchain/arm/arm-gnu-toolchain/bin/../lib/gcc/arm-none-eabi/6.3.1/../../../../arm-none-eabi/lib/thumb/v6-m\libc_nano.a(lib_a-nano-mallocr.o)
                              c:/program files/atmel/studio/7.0/toolchain/arm/arm-gnu-toolchain/bin/../lib/gcc/arm-none-eabi/6.3.1/../../../../arm-none-eabi/lib/thumb/v6-m\libc_nano.a(lib_a-findfp.o) (_malloc_r)
c:/program files/atmel/studio/7.0/toolchain/arm/arm-gnu-toolchain/bin/../lib/gcc/arm-none-eabi/6.3.1/../../../../arm-none-eabi/lib/thumb/v6-m\libc_nano.a(lib_a-nano-vfprintf.o)
[...]
Memory Configuration

Name             Origin             Length             Attributes
rom              0x00000000         0x00004000         xr
ram              0x20000000         0x00001000         xrw
*default*        0x00000000         0xffffffff

Linker script and memory map

LOAD c:/program files/atmel/studio/7.0/toolchain/arm/arm-gnu-toolchain/bin/../lib/gcc/arm-none-eabi/6.3.1/thumb/v6-m/crti.o
LOAD c:/program files/atmel/studio/7.0/toolchain/arm/arm-gnu-toolchain/bin/../lib/gcc/arm-none-eabi/6.3.1/thumb/v6-m/crtbegin.o
LOAD c:/program files/atmel/studio/7.0/toolchain/arm/arm-gnu-toolchain/bin/../lib/gcc/arm-none-eabi/6.3.1/../../../../arm-none-eabi/lib/thumb/v6-m/crt0.o
LOAD atmel_start.o
LOAD Device_Startup/startup_samd11.o
LOAD Device_Startup/system_samd11.o
LOAD driver_init.o
LOAD examples/driver_examples.o
LOAD hal/src/hal_atomic.o
LOAD hal/src/hal_delay.o
LOAD hal/src/hal_gpio.o
LOAD hal/src/hal_init.o
LOAD hal/src/hal_io.o
LOAD hal/src/hal_sleep.o
LOAD hal/utils/src/utils_assert.o
LOAD hal/utils/src/utils_event.o
LOAD hal/utils/src/utils_list.o
LOAD hal/utils/src/utils_syscalls.o
LOAD hpl/core/hpl_core_m0plus_base.o
LOAD hpl/core/hpl_init.o
LOAD hpl/dmac/hpl_dmac.o
LOAD hpl/gclk/hpl_gclk.o
LOAD hpl/pm/hpl_pm.o
LOAD hpl/sysctrl/hpl_sysctrl.o
LOAD hpl/systick/hpl_systick.o
LOAD main.o
START GROUP
LOAD c:/program files/atmel/studio/7.0/toolchain/arm/arm-gnu-toolchain/bin/../lib/gcc/arm-none-eabi/6.3.1/../../../../arm-none-eabi/lib/thumb/v6-m\libm.a
END GROUP
START GROUP
LOAD c:/program files/atmel/studio/7.0/toolchain/arm/arm-gnu-toolchain/bin/../lib/gcc/arm-none-eabi/6.3.1/thumb/v6-m\libgcc.a
LOAD c:/program files/atmel/studio/7.0/toolchain/arm/arm-gnu-toolchain/bin/../lib/gcc/arm-none-eabi/6.3.1/../../../../arm-none-eabi/lib/thumb/v6-m\libc_nano.a
END GROUP
START GROUP
LOAD c:/program files/atmel/studio/7.0/toolchain/arm/arm-gnu-toolchain/bin/../lib/gcc/arm-none-eabi/6.3.1/thumb/v6-m\libgcc.a
LOAD c:/program files/atmel/studio/7.0/toolchain/arm/arm-gnu-toolchain/bin/../lib/gcc/arm-none-eabi/6.3.1/../../../../arm-none-eabi/lib/thumb/v6-m\libc_nano.a
END GROUP
LOAD c:/program files/atmel/studio/7.0/toolchain/arm/arm-gnu-toolchain/bin/../lib/gcc/arm-none-eabi/6.3.1/thumb/v6-m/crtend.o
LOAD c:/program files/atmel/studio/7.0/toolchain/arm/arm-gnu-toolchain/bin/../lib/gcc/arm-none-eabi/6.3.1/thumb/v6-m/crtn.o
                0x00000400                STACK_SIZE = DEFINED (STACK_SIZE)?STACK_SIZE:DEFINED (__stack_size__)?__stack_size__:0x400

.text           0x00000000      0xcd0
                0x00000000                . = ALIGN (0x4)
                0x00000000                _sfixed = .
 *(.vectors .vectors.*)
 .vectors       0x00000000       0x8c Device_Startup/startup_samd11.o
                0x00000000                exception_table
 *(.text .text.* .gnu.linkonce.t.*)
 .text          0x0000008c       0x60 c:/program files/atmel/studio/7.0/toolchain/arm/arm-gnu-toolchain/bin/../lib/gcc/arm-none-eabi/6.3.1/thumb/v6-m/crtbegin.o
 .text.atmel_start_init
                0x000000ec        0xc atmel_start.o
                0x000000ec                atmel_start_init
 .text.Dummy_Handler
                0x000000f8        0x2 Device_Startup/startup_samd11.o
                0x000000f8                SVCall_Handler
                0x000000f8                DMAC_Handler
                0x000000f8                HardFault_Handler
                0x000000f8                TC2_Handler
                0x000000f8                AC_Handler
                0x000000f8                SysTick_Handler
                0x000000f8                PendSV_Handler
                0x000000f8                SERCOM1_Handler
                0x000000f8                ADC_Handler
                0x000000f8                NonMaskableInt_Handler
                0x000000f8                SERCOM2_Handler
                0x000000f8                TCC0_Handler
                0x000000f8                RTC_Handler
                0x000000f8                EIC_Handler
                0x000000f8                WDT_Handler
                0x000000f8                TC1_Handler
                0x000000f8                USB_Handler
                0x000000f8                Dummy_Handler
                0x000000f8                PM_Handler
                0x000000f8                EVSYS_Handler
                0x000000f8                NVMCTRL_Handler
                0x000000f8                SERCOM0_Handler
                0x000000f8                DAC_Handler
                0x000000f8                PTC_Handler
                0x000000f8                SYSCTRL_Handler
 *fill*         0x000000fa        0x2 
 .text.Reset_Handler
                0x000000fc       0xe4 Device_Startup/startup_samd11.o
                0x000000fc                Reset_Handler
 .text.delay_driver_init
                0x000001e0       0x14 driver_init.o
                0x000001e0                delay_driver_init
 .text.system_init
                0x000001f4      0x15c driver_init.o
                0x000001f4                system_init
 .text.delay_init
                0x00000350       0x14 hal/src/hal_delay.o
                0x00000350                delay_init
 .text.delay_ms
                0x00000364       0x20 hal/src/hal_delay.o
                0x00000364                delay_ms
 .text._sbrk    0x00000384       0x24 hal/utils/src/utils_syscalls.o
                0x00000384                _sbrk
 .text._get_cycles_for_ms
                0x000003a8        0x8 hpl/core/hpl_core_m0plus_base.o
                0x000003a8                _get_cycles_for_ms
 .text._init_chip
                0x000003b0       0x30 hpl/core/hpl_init.o
                0x000003b0                _init_chip
 .text._gclk_init_generators_by_fref
                0x000003e0       0x20 hpl/gclk/hpl_gclk.o
                0x000003e0                _gclk_init_generators_by_fref
 .text._pm_init
                0x00000400       0x20 hpl/pm/hpl_pm.o
                0x00000400                _pm_init
 .text._sysctrl_init_sources
                0x00000420       0x44 hpl/sysctrl/hpl_sysctrl.o
                0x00000420                _sysctrl_init_sources
 .text._sysctrl_init_referenced_generators
                0x00000464       0x10 hpl/sysctrl/hpl_sysctrl.o
                0x00000464                _sysctrl_init_referenced_generators
 .text._delay_init
                0x00000474       0x14 hpl/systick/hpl_systick.o
                0x00000474                _delay_init
 .text._delay_cycles
                0x00000488       0x54 hpl/systick/hpl_systick.o
                0x00000488                _delay_cycles
 .text.leds_off
                0x000004dc       0x1e main.o
                0x000004dc                leds_off
 .text.leds_on  0x000004fa       0x1e main.o
                0x000004fa                leds_on
 .text.toggle_led
                0x00000518       0x12 main.o
                0x00000518                toggle_led
 *fill*         0x0000052a        0x2 
 .text.blink    0x0000052c       0x20 main.o
                0x0000052c                blink
 .text.blinkall
                0x0000054c       0x48 main.o
                0x0000054c                blinkall
 .text.progress
                0x00000594       0x24 main.o
                0x00000594                progress
 .text.progress_rev
                0x000005b8       0x24 main.o
                0x000005b8                progress_rev
 .text.marquee  0x000005dc       0x34 main.o
                0x000005dc                marquee
 .text.marquee_rev
                0x00000610       0x34 main.o
                0x00000610                marquee_rev
 .text.jaws_close
                0x00000644       0x30 main.o
                0x00000644                jaws_close
 .text.jaws_open
                0x00000674       0x30 main.o
                0x00000674                jaws_open
 .text.blink_pattern
                0x000006a4      0x158 main.o
                0x000006a4                blink_pattern
 .text.main     0x000007fc       0x48 main.o
                0x000007fc                main
 .text          0x00000844      0x1d4 c:/program files/atmel/studio/7.0/toolchain/arm/arm-gnu-toolchain/bin/../lib/gcc/arm-none-eabi/6.3.1/thumb/v6-m\libgcc.a(_divsi3.o)
                0x00000844                __divsi3
                0x00000844                __aeabi_idiv
                0x00000a10                __aeabi_idivmod
 .text          0x00000a18        0x4 c:/program files/atmel/studio/7.0/toolchain/arm/arm-gnu-toolchain/bin/../lib/gcc/arm-none-eabi/6.3.1/thumb/v6-m\libgcc.a(_dvmd_tls.o)
                0x00000a18                __aeabi_idiv0
                0x00000a18                __aeabi_ldiv0
 .text.__libc_init_array
                0x00000a1c       0x48 c:/program files/atmel/studio/7.0/toolchain/arm/arm-gnu-toolchain/bin/../lib/gcc/arm-none-eabi/6.3.1/../../../../arm-none-eabi/lib/thumb/v6-m\libc_nano.a(lib_a-init.o)
                0x00000a1c                __libc_init_array
 .text.rand     0x00000a64       0x78 c:/program files/atmel/studio/7.0/toolchain/arm/arm-gnu-toolchain/bin/../lib/gcc/arm-none-eabi/6.3.1/../../../../arm-none-eabi/lib/thumb/v6-m\libc_nano.a(lib_a-rand.o)
                0x00000a64                rand
 .text.malloc   0x00000adc       0x14 c:/program files/atmel/studio/7.0/toolchain/arm/arm-gnu-toolchain/bin/../lib/gcc/arm-none-eabi/6.3.1/../../../../arm-none-eabi/lib/thumb/v6-m\libc_nano.a(lib_a-malloc.o)
                0x00000adc                malloc
 .text._malloc_r
                0x00000af0       0xbc c:/program files/atmel/studio/7.0/toolchain/arm/arm-gnu-toolchain/bin/../lib/gcc/arm-none-eabi/6.3.1/../../../../arm-none-eabi/lib/thumb/v6-m\libc_nano.a(lib_a-nano-mallocr.o)
                0x00000af0                _malloc_r
 .text._sbrk_r  0x00000bac       0x24 c:/program files/atmel/studio/7.0/toolchain/arm/arm-gnu-toolchain/bin/../lib/gcc/arm-none-eabi/6.3.1/../../../../arm-none-eabi/lib/thumb/v6-m\libc_nano.a(lib_a-sbrkr.o)
                0x00000bac                _sbrk_r
 .text.__malloc_lock
                0x00000bd0        0x2 c:/program files/atmel/studio/7.0/toolchain/arm/arm-gnu-toolchain/bin/../lib/gcc/arm-none-eabi/6.3.1/../../../../arm-none-eabi/lib/thumb/v6-m\libc_nano.a(lib_a-mlock.o)
                0x00000bd0                __malloc_lock
 .text.__malloc_unlock
                0x00000bd2        0x2 c:/program files/atmel/studio/7.0/toolchain/arm/arm-gnu-toolchain/bin/../lib/gcc/arm-none-eabi/6.3.1/../../../../arm-none-eabi/lib/thumb/v6-m\libc_nano.a(lib_a-mlock.o)
                0x00000bd2                __malloc_unlock
 .text          0x00000bd4       0x54 c:/program files/atmel/studio/7.0/toolchain/arm/arm-gnu-toolchain/bin/../lib/gcc/arm-none-eabi/6.3.1/thumb/v6-m\libgcc.a(_muldi3.o)
                0x00000bd4                __muldi3
                0x00000bd4                __aeabi_lmul
 *(.glue_7t)
 .glue_7t       0x00000c28        0x0 linker stubs
 *(.glue_7)
 .glue_7        0x00000c28        0x0 linker stubs
 *(.rodata .rodata* .gnu.linkonce.r.*)
 .rodata        0x00000c28       0x28 main.o
 .rodata.__sf_fake_stderr
                0x00000c50       0x20 c:/program files/atmel/studio/7.0/toolchain/arm/arm-gnu-toolchain/bin/../lib/gcc/arm-none-eabi/6.3.1/../../../../arm-none-eabi/lib/thumb/v6-m\libc_nano.a(lib_a-findfp.o)
                0x00000c50                __sf_fake_stderr
 .rodata.__sf_fake_stdin
                0x00000c70       0x20 c:/program files/atmel/studio/7.0/toolchain/arm/arm-gnu-toolchain/bin/../lib/gcc/arm-none-eabi/6.3.1/../../../../arm-none-eabi/lib/thumb/v6-m\libc_nano.a(lib_a-findfp.o)
                0x00000c70                __sf_fake_stdin
 .rodata.__sf_fake_stdout
                0x00000c90       0x20 c:/program files/atmel/studio/7.0/toolchain/arm/arm-gnu-toolchain/bin/../lib/gcc/arm-none-eabi/6.3.1/../../../../arm-none-eabi/lib/thumb/v6-m\libc_nano.a(lib_a-findfp.o)
                0x00000c90                __sf_fake_stdout
 *(.ARM.extab* .gnu.linkonce.armextab.*)
                0x00000cb0                . = ALIGN (0x4)
 *(.init)
 .init          0x00000cb0        0x4 c:/program files/atmel/studio/7.0/toolchain/arm/arm-gnu-toolchain/bin/../lib/gcc/arm-none-eabi/6.3.1/thumb/v6-m/crti.o
                0x00000cb0                _init
 .init          0x00000cb4        0x8 c:/program files/atmel/studio/7.0/toolchain/arm/arm-gnu-toolchain/bin/../lib/gcc/arm-none-eabi/6.3.1/thumb/v6-m/crtn.o
                0x00000cbc                . = ALIGN (0x4)
                0x00000cbc                __preinit_array_start = .
 *(.preinit_array)
                0x00000cbc                __preinit_array_end = .
                0x00000cbc                . = ALIGN (0x4)
                0x00000cbc                __init_array_start = .
 *(SORT(.init_array.*))
 *(.init_array)
 .init_array    0x00000cbc        0x4 c:/program files/atmel/studio/7.0/toolchain/arm/arm-gnu-toolchain/bin/../lib/gcc/arm-none-eabi/6.3.1/thumb/v6-m/crtbegin.o
                0x00000cc0                __init_array_end = .
                0x00000cc0                . = ALIGN (0x4)
 *crtbegin.o(.ctors)
 *(EXCLUDE_FILE(*crtend.o) .ctors)
 *(SORT(.ctors.*))
 *crtend.o(.ctors)
                0x00000cc0                . = ALIGN (0x4)
 *(.fini)
 .fini          0x00000cc0        0x4 c:/program files/atmel/studio/7.0/toolchain/arm/arm-gnu-toolchain/bin/../lib/gcc/arm-none-eabi/6.3.1/thumb/v6-m/crti.o
                0x00000cc0                _fini
 .fini          0x00000cc4        0x8 c:/program files/atmel/studio/7.0/toolchain/arm/arm-gnu-toolchain/bin/../lib/gcc/arm-none-eabi/6.3.1/thumb/v6-m/crtn.o
                0x00000ccc                . = ALIGN (0x4)
                0x00000ccc                __fini_array_start = .
 *(.fini_array)
 .fini_array    0x00000ccc        0x4 c:/program files/atmel/studio/7.0/toolchain/arm/arm-gnu-toolchain/bin/../lib/gcc/arm-none-eabi/6.3.1/thumb/v6-m/crtbegin.o
 *(SORT(.fini_array.*))
                0x00000cd0                __fini_array_end = .
 *crtbegin.o(.dtors)
 *(EXCLUDE_FILE(*crtend.o) .dtors)
 *(SORT(.dtors.*))
 *crtend.o(.dtors)
                0x00000cd0                . = ALIGN (0x4)
                0x00000cd0                _efixed = .
                [!provide]                PROVIDE (__exidx_start, .)

.vfp11_veneer   0x00000cd0        0x0
 .vfp11_veneer  0x00000cd0        0x0 linker stubs

.v4_bx          0x00000cd0        0x0
 .v4_bx         0x00000cd0        0x0 linker stubs

.iplt           0x00000cd0        0x0
 .iplt          0x00000cd0        0x0 c:/program files/atmel/studio/7.0/toolchain/arm/arm-gnu-toolchain/bin/../lib/gcc/arm-none-eabi/6.3.1/thumb/v6-m/crtbegin.o

.eh_frame       0x00000cd0        0x0
 .eh_frame      0x00000cd0        0x0 c:/program files/atmel/studio/7.0/toolchain/arm/arm-gnu-toolchain/bin/../lib/gcc/arm-none-eabi/6.3.1/thumb/v6-m/crtbegin.o

.rel.dyn        0x00000cd0        0x0
 .rel.iplt      0x00000cd0        0x0 c:/program files/atmel/studio/7.0/toolchain/arm/arm-gnu-toolchain/bin/../lib/gcc/arm-none-eabi/6.3.1/thumb/v6-m/crtbegin.o

.jcr            0x00000cd0        0x0
 .jcr           0x00000cd0        0x0 c:/program files/atmel/studio/7.0/toolchain/arm/arm-gnu-toolchain/bin/../lib/gcc/arm-none-eabi/6.3.1/thumb/v6-m/crtbegin.o

.igot.plt       0x00000cd0        0x0
 .igot.plt      0x00000cd0        0x0 c:/program files/atmel/studio/7.0/toolchain/arm/arm-gnu-toolchain/bin/../lib/gcc/arm-none-eabi/6.3.1/thumb/v6-m/crtbegin.o

.ARM.exidx
 *(.ARM.exidx* .gnu.linkonce.armexidx.*)
                [!provide]                PROVIDE (__exidx_end, .)
                0x00000cd0                . = ALIGN (0x4)
                0x00000cd0                _etext = .

.relocate       0x20000000       0x64 load address 0x00000cd0
                0x20000000                . = ALIGN (0x4)
                0x20000000                _srelocate = .
 *(.ramfunc .ramfunc.*)
 *(.data .data.*)
 .data._impure_ptr
                0x20000000        0x4 c:/program files/atmel/studio/7.0/toolchain/arm/arm-gnu-toolchain/bin/../lib/gcc/arm-none-eabi/6.3.1/../../../../arm-none-eabi/lib/thumb/v6-m\libc_nano.a(lib_a-impure.o)
                0x20000000                _impure_ptr
 .data.impure_data
                0x20000004       0x60 c:/program files/atmel/studio/7.0/toolchain/arm/arm-gnu-toolchain/bin/../lib/gcc/arm-none-eabi/6.3.1/../../../../arm-none-eabi/lib/thumb/v6-m\libc_nano.a(lib_a-impure.o)
                0x20000064                . = ALIGN (0x4)
                0x20000064                _erelocate = .

.bss            0x20000064       0x30 load address 0x00000d34
                0x20000064                . = ALIGN (0x4)
                0x20000064                _sbss = .
                0x20000064                _szero = .
 *(.bss .bss.*)
 .bss           0x20000064       0x1c c:/program files/atmel/studio/7.0/toolchain/arm/arm-gnu-toolchain/bin/../lib/gcc/arm-none-eabi/6.3.1/thumb/v6-m/crtbegin.o
 .bss           0x20000080        0x4 hal/src/hal_delay.o
 .bss           0x20000084        0x4 hal/utils/src/utils_syscalls.o
 .bss.__malloc_free_list
                0x20000088        0x4 c:/program files/atmel/studio/7.0/toolchain/arm/arm-gnu-toolchain/bin/../lib/gcc/arm-none-eabi/6.3.1/../../../../arm-none-eabi/lib/thumb/v6-m\libc_nano.a(lib_a-nano-mallocr.o)
                0x20000088                __malloc_free_list
 .bss.__malloc_sbrk_start
                0x2000008c        0x4 c:/program files/atmel/studio/7.0/toolchain/arm/arm-gnu-toolchain/bin/../lib/gcc/arm-none-eabi/6.3.1/../../../../arm-none-eabi/lib/thumb/v6-m\libc_nano.a(lib_a-nano-mallocr.o)
                0x2000008c                __malloc_sbrk_start
 *(COMMON)
 COMMON         0x20000090        0x4 c:/program files/atmel/studio/7.0/toolchain/arm/arm-gnu-toolchain/bin/../lib/gcc/arm-none-eabi/6.3.1/../../../../arm-none-eabi/lib/thumb/v6-m\libc_nano.a(lib_a-reent.o)
                0x20000090                errno
                0x20000094                . = ALIGN (0x4)
                0x20000094                _ebss = .
                0x20000094                _ezero = .

.stack          0x20000094      0x404 load address 0x00000d64
                0x20000098                . = ALIGN (0x8)
 *fill*         0x20000094        0x4 
                0x20000098                _sstack = .
                0x20000498                . = (. + STACK_SIZE)
 *fill*         0x20000098      0x400 
                0x20000498                . = ALIGN (0x8)
                0x20000498                _estack = .
                0x20000498                . = ALIGN (0x4)
                0x20000498                _end = .
OUTPUT(LEDBlink.elf elf32-littlearm)

.ARM.attributes
                0x00000000       0x28
 .ARM.attributes
                0x00000000       0x1e c:/program files/atmel/studio/7.0/toolchain/arm/arm-gnu-toolchain/bin/../lib/gcc/arm-none-eabi/6.3.1/thumb/v6-m/crti.o
 .ARM.attributes
                0x0000001e       0x2c c:/program files/atmel/studio/7.0/toolchain/arm/arm-gnu-toolchain/bin/../lib/gcc/arm-none-eabi/6.3.1/thumb/v6-m/crtbegin.o
 .ARM.attributes
                0x0000004a       0x32 atmel_start.o
 .ARM.attributes
                0x0000007c       0x32 Device_Startup/startup_samd11.o
 .ARM.attributes
                0x000000ae       0x32 driver_init.o
 .ARM.attributes
                0x000000e0       0x32 hal/src/hal_delay.o
 .ARM.attributes
                0x00000112       0x32 hal/utils/src/utils_syscalls.o
 .ARM.attributes
                0x00000144       0x32 hpl/core/hpl_core_m0plus_base.o
 .ARM.attributes
                0x00000176       0x32 hpl/core/hpl_init.o
 .ARM.attributes
                0x000001a8       0x32 hpl/gclk/hpl_gclk.o
 .ARM.attributes
                0x000001da       0x32 hpl/pm/hpl_pm.o
 .ARM.attributes
                0x0000020c       0x32 hpl/sysctrl/hpl_sysctrl.o
 .ARM.attributes
                0x0000023e       0x32 hpl/systick/hpl_systick.o
 .ARM.attributes
                0x00000270       0x32 main.o
 .ARM.attributes
                0x000002a2       0x1e c:/program files/atmel/studio/7.0/toolchain/arm/arm-gnu-toolchain/bin/../lib/gcc/arm-none-eabi/6.3.1/thumb/v6-m\libgcc.a(_divsi3.o)
 .ARM.attributes
                0x000002c0       0x1e c:/program files/atmel/studio/7.0/toolchain/arm/arm-gnu-toolchain/bin/../lib/gcc/arm-none-eabi/6.3.1/thumb/v6-m\libgcc.a(_dvmd_tls.o)
 .ARM.attributes
                0x000002de       0x2c c:/program files/atmel/studio/7.0/toolchain/arm/arm-gnu-toolchain/bin/../lib/gcc/arm-none-eabi/6.3.1/../../../../arm-none-eabi/lib/thumb/v6-m\libc_nano.a(lib_a-impure.o)
 .ARM.attributes
                0x0000030a       0x2c c:/program files/atmel/studio/7.0/toolchain/arm/arm-gnu-toolchain/bin/../lib/gcc/arm-none-eabi/6.3.1/../../../../arm-none-eabi/lib/thumb/v6-m\libc_nano.a(lib_a-init.o)
 .ARM.attributes
                0x00000336       0x2c c:/program files/atmel/studio/7.0/toolchain/arm/arm-gnu-toolchain/bin/../lib/gcc/arm-none-eabi/6.3.1/../../../../arm-none-eabi/lib/thumb/v6-m\libc_nano.a(lib_a-rand.o)
 .ARM.attributes
                0x00000362       0x2c c:/program files/atmel/studio/7.0/toolchain/arm/arm-gnu-toolchain/bin/../lib/gcc/arm-none-eabi/6.3.1/../../../../arm-none-eabi/lib/thumb/v6-m\libc_nano.a(lib_a-findfp.o)
 .ARM.attributes
                0x0000038e       0x2c c:/program files/atmel/studio/7.0/toolchain/arm/arm-gnu-toolchain/bin/../lib/gcc/arm-none-eabi/6.3.1/../../../../arm-none-eabi/lib/thumb/v6-m\libc_nano.a(lib_a-malloc.o)
 .ARM.attributes
                0x000003ba       0x2c c:/program files/atmel/studio/7.0/toolchain/arm/arm-gnu-toolchain/bin/../lib/gcc/arm-none-eabi/6.3.1/../../../../arm-none-eabi/lib/thumb/v6-m\libc_nano.a(lib_a-nano-mallocr.o)
 .ARM.attributes
                0x000003e6       0x2c c:/program files/atmel/studio/7.0/toolchain/arm/arm-gnu-toolchain/bin/../lib/gcc/arm-none-eabi/6.3.1/../../../../arm-none-eabi/lib/thumb/v6-m\libc_nano.a(lib_a-sbrkr.o)
 .ARM.attributes
                0x00000412       0x2c c:/program files/atmel/studio/7.0/toolchain/arm/arm-gnu-toolchain/bin/../lib/gcc/arm-none-eabi/6.3.1/../../../../arm-none-eabi/lib/thumb/v6-m\libc_nano.a(lib_a-mlock.o)
 .ARM.attributes
                0x0000043e       0x2c c:/program files/atmel/studio/7.0/toolchain/arm/arm-gnu-toolchain/bin/../lib/gcc/arm-none-eabi/6.3.1/../../../../arm-none-eabi/lib/thumb/v6-m\libc_nano.a(lib_a-reent.o)
 .ARM.attributes
                0x0000046a       0x2c c:/program files/atmel/studio/7.0/toolchain/arm/arm-gnu-toolchain/bin/../lib/gcc/arm-none-eabi/6.3.1/thumb/v6-m\libgcc.a(_muldi3.o)
 .ARM.attributes
                0x00000496       0x1e c:/program files/atmel/studio/7.0/toolchain/arm/arm-gnu-toolchain/bin/../lib/gcc/arm-none-eabi/6.3.1/thumb/v6-m/crtn.o

.comment        0x00000000       0x59
 .comment       0x00000000       0x59 atmel_start.o
                                 0x5a (size before relaxing)
 .comment       0x00000059       0x5a Device_Startup/startup_samd11.o
 .comment       0x00000059       0x5a driver_init.o
 .comment       0x00000059       0x5a hal/src/hal_delay.o
 .comment       0x00000059       0x5a hal/utils/src/utils_syscalls.o
 .comment       0x00000059       0x5a hpl/core/hpl_core_m0plus_base.o
 .comment       0x00000059       0x5a hpl/core/hpl_init.o
 .comment       0x00000059       0x5a hpl/gclk/hpl_gclk.o
 .comment       0x00000059       0x5a hpl/pm/hpl_pm.o
 .comment       0x00000059       0x5a hpl/sysctrl/hpl_sysctrl.o
 .comment       0x00000059       0x5a hpl/systick/hpl_systick.o
 .comment       0x00000059       0x5a main.o

.debug_info     0x00000000     0xaee7
 .debug_info    0x00000000       0xcf atmel_start.o
 .debug_info    0x000000cf     0x2bd5 Device_Startup/startup_samd11.o
 .debug_info    0x00002ca4     0x222c driver_init.o
 .debug_info    0x00004ed0      0x1dc hal/src/hal_delay.o
 .debug_info    0x000050ac      0xdca hal/utils/src/utils_syscalls.o
 .debug_info    0x00005e76      0x7bf hpl/core/hpl_core_m0plus_base.o
 .debug_info    0x00006635      0x677 hpl/core/hpl_init.o
 .debug_info    0x00006cac      0x4d9 hpl/gclk/hpl_gclk.o
 .debug_info    0x00007185      0xc95 hpl/pm/hpl_pm.o
 .debug_info    0x00007e1a     0x13ce hpl/sysctrl/hpl_sysctrl.o
 .debug_info    0x000091e8      0x276 hpl/systick/hpl_systick.o
 .debug_info    0x0000945e     0x1a89 main.o

.debug_abbrev   0x00000000     0x17d9
 .debug_abbrev  0x00000000       0x84 atmel_start.o
 .debug_abbrev  0x00000084      0x234 Device_Startup/startup_samd11.o
 .debug_abbrev  0x000002b8      0x28f driver_init.o
 .debug_abbrev  0x00000547       0xe1 hal/src/hal_delay.o
 .debug_abbrev  0x00000628      0x269 hal/utils/src/utils_syscalls.o
 .debug_abbrev  0x00000891      0x2af hpl/core/hpl_core_m0plus_base.o
 .debug_abbrev  0x00000b40      0x1cc hpl/core/hpl_init.o
 .debug_abbrev  0x00000d0c      0x187 hpl/gclk/hpl_gclk.o
 .debug_abbrev  0x00000e93      0x211 hpl/pm/hpl_pm.o
 .debug_abbrev  0x000010a4      0x20c hpl/sysctrl/hpl_sysctrl.o
 .debug_abbrev  0x000012b0      0x185 hpl/systick/hpl_systick.o
 .debug_abbrev  0x00001435      0x3a4 main.o

.debug_loc      0x00000000     0x1edb
 .debug_loc     0x00000000       0x20 atmel_start.o
 .debug_loc     0x00000020       0x40 Device_Startup/startup_samd11.o
 .debug_loc     0x00000060      0xf1f driver_init.o
 .debug_loc     0x00000f7f       0xc3 hal/src/hal_delay.o
 .debug_loc     0x00001042      0x13b hal/utils/src/utils_syscalls.o
 .debug_loc     0x0000117d      0x1d7 hpl/core/hpl_core_m0plus_base.o
 .debug_loc     0x00001354       0x4c hpl/core/hpl_init.o
 .debug_loc     0x000013a0       0xa3 hpl/gclk/hpl_gclk.o
 .debug_loc     0x00001443      0x11b hpl/pm/hpl_pm.o
 .debug_loc     0x0000155e      0x160 hpl/sysctrl/hpl_sysctrl.o
 .debug_loc     0x000016be      0x10e hpl/systick/hpl_systick.o
 .debug_loc     0x000017cc      0x70f main.o

.debug_aranges  0x00000000      0x2e0
 .debug_aranges
                0x00000000       0x20 atmel_start.o
 .debug_aranges
                0x00000020       0x28 Device_Startup/startup_samd11.o
 .debug_aranges
                0x00000048       0x28 driver_init.o
 .debug_aranges
                0x00000070       0x38 hal/src/hal_delay.o
 .debug_aranges
                0x000000a8       0x60 hal/utils/src/utils_syscalls.o
 .debug_aranges
                0x00000108       0x70 hpl/core/hpl_core_m0plus_base.o
 .debug_aranges
                0x00000178       0x20 hpl/core/hpl_init.o
 .debug_aranges
                0x00000198       0x28 hpl/gclk/hpl_gclk.o
 .debug_aranges
                0x000001c0       0x30 hpl/pm/hpl_pm.o
 .debug_aranges
                0x000001f0       0x28 hpl/sysctrl/hpl_sysctrl.o
 .debug_aranges
                0x00000218       0x48 hpl/systick/hpl_systick.o
 .debug_aranges
                0x00000260       0x80 main.o

.debug_ranges   0x00000000      0x268
 .debug_ranges  0x00000000       0x10 atmel_start.o
 .debug_ranges  0x00000010       0x18 Device_Startup/startup_samd11.o
 .debug_ranges  0x00000028       0x18 driver_init.o
 .debug_ranges  0x00000040       0x28 hal/src/hal_delay.o
 .debug_ranges  0x00000068       0x50 hal/utils/src/utils_syscalls.o
 .debug_ranges  0x000000b8       0x60 hpl/core/hpl_core_m0plus_base.o
 .debug_ranges  0x00000118       0x10 hpl/core/hpl_init.o
 .debug_ranges  0x00000128       0x18 hpl/gclk/hpl_gclk.o
 .debug_ranges  0x00000140       0x20 hpl/pm/hpl_pm.o
 .debug_ranges  0x00000160       0x30 hpl/sysctrl/hpl_sysctrl.o
 .debug_ranges  0x00000190       0x38 hpl/systick/hpl_systick.o
 .debug_ranges  0x000001c8       0xa0 main.o

.debug_macro    0x00000000    0x13591
 .debug_macro   0x00000000      0x46d atmel_start.o
 .debug_macro   0x0000046d      0x89e atmel_start.o
 .debug_macro   0x00000d0b      0x16d atmel_start.o
 .debug_macro   0x00000e78       0x22 atmel_start.o
 .debug_macro   0x00000e9a       0x87 atmel_start.o
 .debug_macro   0x00000f21       0x51 atmel_start.o
 .debug_macro   0x00000f72       0xef atmel_start.o
 .debug_macro   0x00001061       0x6a atmel_start.o
 .debug_macro   0x000010cb      0x1df atmel_start.o
 .debug_macro   0x000012aa       0x22 atmel_start.o
 .debug_macro   0x000012cc       0x3f atmel_start.o
 .debug_macro   0x0000130b       0x1c atmel_start.o
 .debug_macro   0x00001327       0x22 atmel_start.o
 .debug_macro   0x00001349       0xb5 atmel_start.o
 .debug_macro   0x000013fe      0x3ad atmel_start.o
 .debug_macro   0x000017ab      0x67e atmel_start.o
 .debug_macro   0x00001e29      0x8b1 atmel_start.o
 .debug_macro   0x000026da      0x22e atmel_start.o
 .debug_macro   0x00002908      0xc0c atmel_start.o
 .debug_macro   0x00003514      0x5e7 atmel_start.o
 .debug_macro   0x00003afb      0x7c6 atmel_start.o
 .debug_macro   0x000042c1      0x4e3 atmel_start.o
 .debug_macro   0x000047a4      0x37f atmel_start.o
 .debug_macro   0x00004b23      0x189 atmel_start.o
 .debug_macro   0x00004cac      0x21c atmel_start.o
 .debug_macro   0x00004ec8      0x735 atmel_start.o
 .debug_macro   0x000055fd       0x5e atmel_start.o
 .debug_macro   0x0000565b      0x624 atmel_start.o
 .debug_macro   0x00005c7f      0x3ac atmel_start.o
 .debug_macro   0x0000602b      0xc76 atmel_start.o
 .debug_macro   0x00006ca1     0x1092 atmel_start.o
 .debug_macro   0x00007d33      0xc19 atmel_start.o
 .debug_macro   0x0000894c      0x6ba atmel_start.o
 .debug_macro   0x00009006     0x1b83 atmel_start.o
 .debug_macro   0x0000ab89      0xb7c atmel_start.o
 .debug_macro   0x0000b705      0x340 atmel_start.o
 .debug_macro   0x0000ba45       0x7c atmel_start.o
 .debug_macro   0x0000bac1       0xa0 atmel_start.o
 .debug_macro   0x0000bb61       0x4c atmel_start.o
 .debug_macro   0x0000bbad       0xca atmel_start.o
 .debug_macro   0x0000bc77       0xb8 atmel_start.o
 .debug_macro   0x0000bd2f       0x58 atmel_start.o
 .debug_macro   0x0000bd87      0x201 atmel_start.o
 .debug_macro   0x0000bf88       0x82 atmel_start.o
 .debug_macro   0x0000c00a      0x189 atmel_start.o
 .debug_macro   0x0000c193       0xa0 atmel_start.o
 .debug_macro   0x0000c233       0xac atmel_start.o
 .debug_macro   0x0000c2df       0x1c atmel_start.o
 .debug_macro   0x0000c2fb       0x1c atmel_start.o
 .debug_macro   0x0000c317       0x1c atmel_start.o
 .debug_macro   0x0000c333       0x82 atmel_start.o
 .debug_macro   0x0000c3b5      0x112 atmel_start.o
 .debug_macro   0x0000c4c7       0x10 atmel_start.o
 .debug_macro   0x0000c4d7       0xdc atmel_start.o
 .debug_macro   0x0000c5b3      0x124 atmel_start.o
 .debug_macro   0x0000c6d7      0x124 atmel_start.o
 .debug_macro   0x0000c7fb      0x124 atmel_start.o
 .debug_macro   0x0000c91f      0x124 atmel_start.o
 .debug_macro   0x0000ca43       0xe2 atmel_start.o
 .debug_macro   0x0000cb25       0xe2 atmel_start.o
 .debug_macro   0x0000cc07      0x12a atmel_start.o
 .debug_macro   0x0000cd31      0x1fa atmel_start.o
 .debug_macro   0x0000cf2b       0x40 atmel_start.o
 .debug_macro   0x0000cf6b      0x306 atmel_start.o
 .debug_macro   0x0000d271      0xff9 atmel_start.o
 .debug_macro   0x0000e26a       0x5f atmel_start.o
 .debug_macro   0x0000e2c9       0x10 atmel_start.o
 .debug_macro   0x0000e2d9       0x10 atmel_start.o
 .debug_macro   0x0000e2e9       0x16 atmel_start.o
 .debug_macro   0x0000e2ff       0x16 atmel_start.o
 .debug_macro   0x0000e315       0x16 atmel_start.o
 .debug_macro   0x0000e32b       0x16 atmel_start.o
 .debug_macro   0x0000e341       0x16 atmel_start.o
 .debug_macro   0x0000e357       0x16 atmel_start.o
 .debug_macro   0x0000e36d       0x16 atmel_start.o
 .debug_macro   0x0000e383       0x16 atmel_start.o
 .debug_macro   0x0000e399       0x16 atmel_start.o
 .debug_macro   0x0000e3af       0x16 atmel_start.o
 .debug_macro   0x0000e3c5       0x16 atmel_start.o
 .debug_macro   0x0000e3db       0x16 atmel_start.o
 .debug_macro   0x0000e3f1       0x16 atmel_start.o
 .debug_macro   0x0000e407      0x4c3 atmel_start.o
 .debug_macro   0x0000e8ca       0x94 atmel_start.o
 .debug_macro   0x0000e95e       0x16 atmel_start.o
 .debug_macro   0x0000e974       0x6a atmel_start.o
 .debug_macro   0x0000e9de      0x28c atmel_start.o
 .debug_macro   0x0000ec6a      0x277 atmel_start.o
 .debug_macro   0x0000eee1       0x16 atmel_start.o
 .debug_macro   0x0000eef7       0xca atmel_start.o
 .debug_macro   0x0000efc1       0x1c atmel_start.o
 .debug_macro   0x0000efdd       0x16 atmel_start.o
 .debug_macro   0x0000eff3       0x76 atmel_start.o
 .debug_macro   0x0000f069      0x2ac Device_Startup/startup_samd11.o
 .debug_macro   0x0000f315       0x39 Device_Startup/startup_samd11.o
 .debug_macro   0x0000f34e      0x489 driver_init.o
 .debug_macro   0x0000f7d7       0x10 driver_init.o
 .debug_macro   0x0000f7e7       0xc9 driver_init.o
 .debug_macro   0x0000f8b0      0x403 hal/src/hal_delay.o
 .debug_macro   0x0000fcb3      0x1d6 hal/utils/src/utils_syscalls.o
 .debug_macro   0x0000fe89       0x52 hal/utils/src/utils_syscalls.o
 .debug_macro   0x0000fedb       0x8d hal/utils/src/utils_syscalls.o
 .debug_macro   0x0000ff68       0x16 hal/utils/src/utils_syscalls.o
 .debug_macro   0x0000ff7e       0x57 hal/utils/src/utils_syscalls.o
 .debug_macro   0x0000ffd5       0x97 hal/utils/src/utils_syscalls.o
 .debug_macro   0x0001006c      0x353 hal/utils/src/utils_syscalls.o
 .debug_macro   0x000103bf       0xf6 hal/utils/src/utils_syscalls.o
 .debug_macro   0x000104b5       0x10 hal/utils/src/utils_syscalls.o
 .debug_macro   0x000104c5       0x10 hal/utils/src/utils_syscalls.o
 .debug_macro   0x000104d5       0x1c hal/utils/src/utils_syscalls.o
 .debug_macro   0x000104f1       0x52 hal/utils/src/utils_syscalls.o
 .debug_macro   0x00010543       0x40 hal/utils/src/utils_syscalls.o
 .debug_macro   0x00010583       0x10 hal/utils/src/utils_syscalls.o
 .debug_macro   0x00010593       0x40 hal/utils/src/utils_syscalls.o
 .debug_macro   0x000105d3       0xd7 hal/utils/src/utils_syscalls.o
 .debug_macro   0x000106aa       0x16 hal/utils/src/utils_syscalls.o
 .debug_macro   0x000106c0      0x18b hal/utils/src/utils_syscalls.o
 .debug_macro   0x0001084b       0x4c hal/utils/src/utils_syscalls.o
 .debug_macro   0x00010897       0x16 hal/utils/src/utils_syscalls.o
 .debug_macro   0x000108ad       0x10 hal/utils/src/utils_syscalls.o
 .debug_macro   0x000108bd       0x10 hal/utils/src/utils_syscalls.o
 .debug_macro   0x000108cd       0x35 hal/utils/src/utils_syscalls.o
 .debug_macro   0x00010902      0x122 hal/utils/src/utils_syscalls.o
 .debug_macro   0x00010a24      0x428 hpl/core/hpl_core_m0plus_base.o
 .debug_macro   0x00010e4c      0x44b hpl/core/hpl_init.o
 .debug_macro   0x00011297       0x2e hpl/core/hpl_init.o
 .debug_macro   0x000112c5      0x6ec hpl/core/hpl_init.o
 .debug_macro   0x000119b1      0x3ed hpl/gclk/hpl_gclk.o
 .debug_macro   0x00011d9e      0x175 hpl/gclk/hpl_gclk.o
 .debug_macro   0x00011f13      0x410 hpl/pm/hpl_pm.o
 .debug_macro   0x00012323      0x3e7 hpl/sysctrl/hpl_sysctrl.o
 .debug_macro   0x0001270a      0x2da hpl/sysctrl/hpl_sysctrl.o
 .debug_macro   0x000129e4      0x3de hpl/systick/hpl_systick.o
 .debug_macro   0x00012dc2       0x10 hpl/systick/hpl_systick.o
 .debug_macro   0x00012dd2      0x527 main.o
 .debug_macro   0x000132f9       0x16 main.o
 .debug_macro   0x0001330f      0x10e main.o
 .debug_macro   0x0001341d       0x86 main.o
 .debug_macro   0x000134a3       0x16 main.o
 .debug_macro   0x000134b9       0x29 main.o
 .debug_macro   0x000134e2       0xaf main.o

.debug_line     0x00000000     0x6aaf
 .debug_line    0x00000000      0x95c atmel_start.o
 .debug_line    0x0000095c      0x649 Device_Startup/startup_samd11.o
 .debug_line    0x00000fa5      0xa9d driver_init.o
 .debug_line    0x00001a42      0x8e0 hal/src/hal_delay.o
 .debug_line    0x00002322      0x3f3 hal/utils/src/utils_syscalls.o
 .debug_line    0x00002715      0xa2a hpl/core/hpl_core_m0plus_base.o
 .debug_line    0x0000313f      0x95f hpl/core/hpl_init.o
 .debug_line    0x00003a9e      0x8d8 hpl/gclk/hpl_gclk.o
 .debug_line    0x00004376      0x925 hpl/pm/hpl_pm.o
 .debug_line    0x00004c9b      0x912 hpl/sysctrl/hpl_sysctrl.o
 .debug_line    0x000055ad      0x913 hpl/systick/hpl_systick.o
 .debug_line    0x00005ec0      0xbef main.o

.debug_str      0x00000000    0x6c675
 .debug_str     0x00000000    0x62fff atmel_start.o
                              0x6340e (size before relaxing)
 .debug_str     0x00062fff      0xda0 Device_Startup/startup_samd11.o
                              0x5ca5f (size before relaxing)
 .debug_str     0x00063d9f      0x948 driver_init.o
                              0x63df5 (size before relaxing)
 .debug_str     0x000646e7       0xb6 hal/src/hal_delay.o
                              0x630f9 (size before relaxing)
 .debug_str     0x0006479d     0x4522 hal/utils/src/utils_syscalls.o
                               0x7302 (size before relaxing)
 .debug_str     0x00068cbf      0x2dd hpl/core/hpl_core_m0plus_base.o
                              0x6395d (size before relaxing)
 .debug_str     0x00068f9c     0x17d7 hpl/core/hpl_init.o
                              0x64b1a (size before relaxing)
 .debug_str     0x0006a773      0x705 hpl/gclk/hpl_gclk.o
                              0x637e6 (size before relaxing)
 .debug_str     0x0006ae78      0x3c3 hpl/pm/hpl_pm.o
                              0x6366b (size before relaxing)
 .debug_str     0x0006b23b     0x11b6 hpl/sysctrl/hpl_sysctrl.o
                              0x64346 (size before relaxing)
 .debug_str     0x0006c3f1       0xcd hpl/systick/hpl_systick.o
                              0x630e7 (size before relaxing)
 .debug_str     0x0006c4be      0x1b7 main.o
                              0x664c6 (size before relaxing)

.debug_frame    0x00000000      0x890
 .debug_frame   0x00000000       0x28 atmel_start.o
 .debug_frame   0x00000028       0x40 Device_Startup/startup_samd11.o
 .debug_frame   0x00000068       0x44 driver_init.o
 .debug_frame   0x000000ac       0x68 hal/src/hal_delay.o
 .debug_frame   0x00000114       0xa8 hal/utils/src/utils_syscalls.o
 .debug_frame   0x000001bc       0xd4 hpl/core/hpl_core_m0plus_base.o
 .debug_frame   0x00000290       0x28 hpl/core/hpl_init.o
 .debug_frame   0x000002b8       0x30 hpl/gclk/hpl_gclk.o
 .debug_frame   0x000002e8       0x40 hpl/pm/hpl_pm.o
 .debug_frame   0x00000328       0x30 hpl/sysctrl/hpl_sysctrl.o
 .debug_frame   0x00000358       0x7c hpl/systick/hpl_systick.o
 .debug_frame   0x000003d4      0x1a8 main.o
 .debug_frame   0x0000057c       0x20 c:/program files/atmel/studio/7.0/toolchain/arm/arm-gnu-toolchain/bin/../lib/gcc/arm-none-eabi/6.3.1/thumb/v6-m\libgcc.a(_divsi3.o)
 .debug_frame   0x0000059c       0x2c c:/program files/atmel/studio/7.0/toolchain/arm/arm-gnu-toolchain/bin/../lib/gcc/arm-none-eabi/6.3.1/../../../../arm-none-eabi/lib/thumb/v6-m\libc_nano.a(lib_a-init.o)
 .debug_frame   0x000005c8       0x44 c:/program files/atmel/studio/7.0/toolchain/arm/arm-gnu-toolchain/bin/../lib/gcc/arm-none-eabi/6.3.1/../../../../arm-none-eabi/lib/thumb/v6-m\libc_nano.a(lib_a-rand.o)
 .debug_frame   0x0000060c      0x140 c:/program files/atmel/studio/7.0/toolchain/arm/arm-gnu-toolchain/bin/../lib/gcc/arm-none-eabi/6.3.1/../../../../arm-none-eabi/lib/thumb/v6-m\libc_nano.a(lib_a-findfp.o)
 .debug_frame   0x0000074c       0x40 c:/program files/atmel/studio/7.0/toolchain/arm/arm-gnu-toolchain/bin/../lib/gcc/arm-none-eabi/6.3.1/../../../../arm-none-eabi/lib/thumb/v6-m\libc_nano.a(lib_a-malloc.o)
 .debug_frame   0x0000078c       0x2c c:/program files/atmel/studio/7.0/toolchain/arm/arm-gnu-toolchain/bin/../lib/gcc/arm-none-eabi/6.3.1/../../../../arm-none-eabi/lib/thumb/v6-m\libc_nano.a(lib_a-nano-mallocr.o)
 .debug_frame   0x000007b8       0x2c c:/program files/atmel/studio/7.0/toolchain/arm/arm-gnu-toolchain/bin/../lib/gcc/arm-none-eabi/6.3.1/../../../../arm-none-eabi/lib/thumb/v6-m\libc_nano.a(lib_a-sbrkr.o)
 .debug_frame   0x000007e4       0x30 c:/program files/atmel/studio/7.0/toolchain/arm/arm-gnu-toolchain/bin/../lib/gcc/arm-none-eabi/6.3.1/../../../../arm-none-eabi/lib/thumb/v6-m\libc_nano.a(lib_a-mlock.o)
 .debug_frame   0x00000814       0x48 c:/program files/atmel/studio/7.0/toolchain/arm/arm-gnu-toolchain/bin/../lib/gcc/arm-none-eabi/6.3.1/../../../../arm-none-eabi/lib/thumb/v6-m\libc_nano.a(lib_a-reent.o)
 .debug_frame   0x0000085c       0x34 c:/program files/atmel/studio/7.0/toolchain/arm/arm-gnu-toolchain/bin/../lib/gcc/arm-none-eabi/6.3.1/thumb/v6-m\libgcc.a(_muldi3.o)
